Component: ARM Compiler 5.06 update 6 (build 750) Tool: armlink [4d35ed]

==============================================================================

Section Cross References

    main.o(i.advertising_init) refers to memseta.o(.text) for __aeabi_memclr4
    main.o(i.advertising_init) refers to ble_advertising.o(i.ble_advertising_init) for ble_advertising_init
    main.o(i.advertising_init) refers to app_error.o(i.app_error_handler) for app_error_handler
    main.o(i.advertising_init) refers to main.o(.data) for m_adv_uuids
    main.o(i.advertising_init) refers to main.o(i.on_adv_evt) for on_adv_evt
    main.o(i.adxl345_timer_timeout_handler) refers to adxl345.o(i.adxl345_read_values) for adxl345_read_values
    main.o(i.adxl345_timer_timeout_handler) refers to main.o(.constdata) for spi
    main.o(i.adxl345_timer_timeout_handler) refers to main.o(.bss) for m_our_service
    main.o(i.application_timers_start) refers to app_timer.o(i.app_timer_start) for app_timer_start
    main.o(i.application_timers_start) refers to main.o(.constdata) for m_adxl345_timer_id
    main.o(i.assert_nrf_callback) refers to app_error.o(i.app_error_handler) for app_error_handler
    main.o(i.ble_evt_dispatch) refers to device_manager_peripheral.o(i.dm_ble_evt_handler) for dm_ble_evt_handler
    main.o(i.ble_evt_dispatch) refers to ble_conn_params.o(i.ble_conn_params_on_ble_evt) for ble_conn_params_on_ble_evt
    main.o(i.ble_evt_dispatch) refers to bsp_btn_ble.o(i.bsp_btn_ble_on_ble_evt) for bsp_btn_ble_on_ble_evt
    main.o(i.ble_evt_dispatch) refers to main.o(i.on_ble_evt) for on_ble_evt
    main.o(i.ble_evt_dispatch) refers to ble_advertising.o(i.ble_advertising_on_ble_evt) for ble_advertising_on_ble_evt
    main.o(i.ble_evt_dispatch) refers to our_service.o(i.ble_our_service_on_ble_evt) for ble_our_service_on_ble_evt
    main.o(i.ble_evt_dispatch) refers to main.o(.bss) for m_our_service
    main.o(i.ble_stack_init) refers to softdevice_handler.o(i.softdevice_handler_init) for softdevice_handler_init
    main.o(i.ble_stack_init) refers to app_error.o(i.app_error_handler) for app_error_handler
    main.o(i.ble_stack_init) refers to softdevice_handler.o(i.softdevice_enable_get_default_config) for softdevice_enable_get_default_config
    main.o(i.ble_stack_init) refers to softdevice_handler.o(i.sd_check_ram_start) for sd_check_ram_start
    main.o(i.ble_stack_init) refers to softdevice_handler.o(i.softdevice_enable) for softdevice_enable
    main.o(i.ble_stack_init) refers to softdevice_handler.o(i.softdevice_ble_evt_handler_set) for softdevice_ble_evt_handler_set
    main.o(i.ble_stack_init) refers to softdevice_handler.o(i.softdevice_sys_evt_handler_set) for softdevice_sys_evt_handler_set
    main.o(i.ble_stack_init) refers to main.o(.constdata) for .constdata
    main.o(i.ble_stack_init) refers to main.o(.bss) for BLE_EVT_BUFFER
    main.o(i.ble_stack_init) refers to main.o(i.ble_evt_dispatch) for ble_evt_dispatch
    main.o(i.ble_stack_init) refers to main.o(i.sys_evt_dispatch) for sys_evt_dispatch
    main.o(i.bsp_event_handler) refers to main.o(i.sleep_mode_enter) for sleep_mode_enter
    main.o(i.bsp_event_handler) refers to segger_rtt_printf.o(i.SEGGER_RTT_printf) for SEGGER_RTT_printf
    main.o(i.bsp_event_handler) refers to app_error.o(i.app_error_handler) for app_error_handler
    main.o(i.bsp_event_handler) refers to ble_advertising.o(i.ble_advertising_restart_without_whitelist) for ble_advertising_restart_without_whitelist
    main.o(i.bsp_event_handler) refers to main.o(.bss) for m_our_service
    main.o(i.bsp_event_handler) refers to main.o(.data) for m_conn_handle
    main.o(i.buttons_leds_init) refers to bsp.o(i.bsp_init) for bsp_init
    main.o(i.buttons_leds_init) refers to app_error.o(i.app_error_handler) for app_error_handler
    main.o(i.buttons_leds_init) refers to bsp_btn_ble.o(i.bsp_btn_ble_init) for bsp_btn_ble_init
    main.o(i.buttons_leds_init) refers to main.o(i.bsp_event_handler) for bsp_event_handler
    main.o(i.conn_params_error_handler) refers to app_error.o(i.app_error_handler) for app_error_handler
    main.o(i.conn_params_init) refers to memseta.o(.text) for __aeabi_memclr4
    main.o(i.conn_params_init) refers to ble_conn_params.o(i.ble_conn_params_init) for ble_conn_params_init
    main.o(i.conn_params_init) refers to app_error.o(i.app_error_handler) for app_error_handler
    main.o(i.conn_params_init) refers to main.o(i.on_conn_params_evt) for on_conn_params_evt
    main.o(i.conn_params_init) refers to main.o(i.conn_params_error_handler) for conn_params_error_handler
    main.o(i.device_manager_evt_handler) refers to app_error.o(i.app_error_handler) for app_error_handler
    main.o(i.device_manager_init) refers to pstorage.o(i.pstorage_init) for pstorage_init
    main.o(i.device_manager_init) refers to app_error.o(i.app_error_handler) for app_error_handler
[...]
    i.pstorage_init                          0x00020b10   Section        0  pstorage.o(i.pstorage_init)
    i.pstorage_load                          0x00020b98   Section        0  pstorage.o(i.pstorage_load)
    i.pstorage_register                      0x00020c94   Section        0  pstorage.o(i.pstorage_register)
    i.pstorage_store                         0x00020db4   Section        0  pstorage.o(i.pstorage_store)
    i.pstorage_sys_event_handler             0x00020e94   Section        0  pstorage.o(i.pstorage_sys_event_handler)
    i.pstorage_update                        0x00020ee0   Section        0  pstorage.o(i.pstorage_update)
    i.rtc1_compare0_set                      0x00020fc0   Section        0  app_timer.o(i.rtc1_compare0_set)
    rtc1_compare0_set                        0x00020fc1   Thumb Code     6  app_timer.o(i.rtc1_compare0_set)
    i.rtc1_counter_get                       0x00020fcc   Section        0  app_timer.o(i.rtc1_counter_get)
    rtc1_counter_get                         0x00020fcd   Thumb Code     6  app_timer.o(i.rtc1_counter_get)
    i.rtc1_init                              0x00020fd8   Section        0  app_timer.o(i.rtc1_init)
    rtc1_init                                0x00020fd9   Thumb Code    18  app_timer.o(i.rtc1_init)
    i.rtc1_start                             0x00020ff0   Section        0  app_timer.o(i.rtc1_start)
    rtc1_start                               0x00020ff1   Thumb Code    48  app_timer.o(i.rtc1_start)
    i.rtc1_stop                              0x0002102c   Section        0  app_timer.o(i.rtc1_stop)
    rtc1_stop                                0x0002102d   Thumb Code    66  app_timer.o(i.rtc1_stop)
    i.rx_byte                                0x00021084   Section        0  nrf_drv_uart.o(i.rx_byte)
    rx_byte                                  0x00021085   Thumb Code    82  nrf_drv_uart.o(i.rx_byte)
    i.rx_done_event                          0x000210e0   Section        0  nrf_drv_uart.o(i.rx_done_event)
    rx_done_event                            0x000210e1   Thumb Code    30  nrf_drv_uart.o(i.rx_done_event)
    i.sd_check_ram_start                     0x00021104   Section        0  softdevice_handler.o(i.sd_check_ram_start)
    i.sd_nvic_EnableIRQ                      0x00021120   Section        0  softdevice_handler.o(i.sd_nvic_EnableIRQ)
    sd_nvic_EnableIRQ                        0x00021121   Thumb Code   188  softdevice_handler.o(i.sd_nvic_EnableIRQ)
    i.sec_mgr_oob_flags_encode               0x000211f0   Section        0  ble_advdata.o(i.sec_mgr_oob_flags_encode)
    sec_mgr_oob_flags_encode                 0x000211f1   Thumb Code    54  ble_advdata.o(i.sec_mgr_oob_flags_encode)
    i.sensor_read_timer_timeout_handler      0x00021228   Section        0  main.o(i.sensor_read_timer_timeout_handler)
    sensor_read_timer_timeout_handler        0x00021229   Thumb Code   116  main.o(i.sensor_read_timer_timeout_handler)
    i.service_data_encode                    0x000212e8   Section        0  ble_advdata.o(i.service_data_encode)
    service_data_encode                      0x000212e9   Thumb Code   150  ble_advdata.o(i.service_data_encode)
    i.services_init                          0x00021380   Section        0  main.o(i.services_init)
    services_init                            0x00021381   Thumb Code    14  main.o(i.services_init)
    i.sleep_mode_enter                       0x00021398   Section        0  main.o(i.sleep_mode_enter)
    sleep_mode_enter                         0x00021399   Thumb Code   100  main.o(i.sleep_mode_enter)
    i.sm_state_change                        0x0002140c   Section        0  pstorage.o(i.sm_state_change)
    sm_state_change                          0x0002140d   Thumb Code    14  pstorage.o(i.sm_state_change)
    i.softdevice_ble_evt_handler_set         0x00021420   Section        0  softdevice_handler.o(i.softdevice_ble_evt_handler_set)
    i.softdevice_enable                      0x0002143c   Section        0  softdevice_handler.o(i.softdevice_enable)
    i.softdevice_enable_get_default_config   0x00021458   Section        0  softdevice_handler.o(i.softdevice_enable_get_default_config)
    i.softdevice_fault_handler               0x00021486   Section        0  softdevice_handler.o(i.softdevice_fault_handler)
    i.softdevice_handler_init                0x0002149c   Section        0  softdevice_handler.o(i.softdevice_handler_init)
    i.softdevice_sys_evt_handler_set         0x00021508   Section        0  softdevice_handler.o(i.softdevice_sys_evt_handler_set)
    i.spi_xfer                               0x00021524   Section        0  nrf_drv_spi.o(i.spi_xfer)
    spi_xfer                                 0x00021525   Thumb Code   162  nrf_drv_spi.o(i.spi_xfer)
    i.srdata_check                           0x000215c6   Section        0  ble_advdata.o(i.srdata_check)
    srdata_check                             0x000215c7   Thumb Code    16  ble_advdata.o(i.srdata_check)
    i.startup_event_extract                  0x000215d6   Section        0  bsp_btn_ble.o(i.startup_event_extract)
    startup_event_extract                    0x000215d7   Thumb Code    84  bsp_btn_ble.o(i.startup_event_extract)
    i.state_data_erase_entry_run             0x0002162c   Section        0  pstorage.o(i.state_data_erase_entry_run)
    state_data_erase_entry_run               0x0002162d   Thumb Code    12  pstorage.o(i.state_data_erase_entry_run)
    i.state_data_erase_swap_entry_run        0x0002163c   Section        0  pstorage.o(i.state_data_erase_swap_entry_run)
    state_data_erase_swap_entry_run          0x0002163d   Thumb Code   136  pstorage.o(i.state_data_erase_swap_entry_run)
    i.state_entry_action_run                 0x000216d4   Section        0  pstorage.o(i.state_entry_action_run)
    state_entry_action_run                   0x000216d5   Thumb Code    54  pstorage.o(i.state_entry_action_run)
    i.state_erase_data_page_entry_run        0x00021710   Section        0  pstorage.o(i.state_erase_data_page_entry_run)
    state_erase_data_page_entry_run          0x00021711   Thumb Code    12  pstorage.o(i.state_erase_data_page_entry_run)
    i.state_idle_entry_run                   0x00021720   Section        0  pstorage.o(i.state_idle_entry_run)
    state_idle_entry_run                     0x00021721   Thumb Code    18  pstorage.o(i.state_idle_entry_run)
    i.state_restore_head_entry_run           0x0002173c   Section        0  pstorage.o(i.state_restore_head_entry_run)
    state_restore_head_entry_run             0x0002173d   Thumb Code    44  pstorage.o(i.state_restore_head_entry_run)
    i.state_restore_tail_entry_run           0x00021770   Section        0  pstorage.o(i.state_restore_tail_entry_run)
    state_restore_tail_entry_run             0x00021771   Thumb Code    76  pstorage.o(i.state_restore_tail_entry_run)
    i.state_store_entry_run                  0x000217c4   Section        0  pstorage.o(i.state_store_entry_run)
    state_store_entry_run                    0x000217c5   Thumb Code     8  pstorage.o(i.state_store_entry_run)
    i.state_swap_erase_entry_run             0x000217cc   Section        0  pstorage.o(i.state_swap_erase_entry_run)
    state_swap_erase_entry_run               0x000217cd   Thumb Code    38  pstorage.o(i.state_swap_erase_entry_run)
    i.state_write_data_swap_entry_run        0x000217f4   Section        0  pstorage.o(i.state_write_data_swap_entry_run)
    state_write_data_swap_entry_run          0x000217f5   Thumb Code    46  pstorage.o(i.state_write_data_swap_entry_run)
    i.storage_operation_dummy_handler        0x00021828   Section        0  device_manager_peripheral.o(i.storage_operation_dummy_handler)
    storage_operation_dummy_handler          0x00021829   Thumb Code     8  device_manager_peripheral.o(i.storage_operation_dummy_handler)
    i.store_cmd_flash_write_execute          0x00021830   Section        0  pstorage.o(i.store_cmd_flash_write_execute)
    store_cmd_flash_write_execute            0x00021831   Thumb Code    92  pstorage.o(i.store_cmd_flash_write_execute)
    i.store_operation_execute                0x00021894   Section        0  pstorage.o(i.store_operation_execute)
    store_operation_execute                  0x00021895   Thumb Code    10  pstorage.o(i.store_operation_execute)
    i.store_sub_state_sm_run                 0x000218a0   Section        0  pstorage.o(i.store_sub_state_sm_run)
    store_sub_state_sm_run                   0x000218a1   Thumb Code    62  pstorage.o(i.store_sub_state_sm_run)
    i.swap_erase_state_run                   0x000218ec   Section        0  pstorage.o(i.swap_erase_state_run)
    swap_erase_state_run                     0x000218ed   Thumb Code    28  pstorage.o(i.swap_erase_state_run)
    i.swap_sub_sm_exit_action_run            0x0002190c   Section        0  pstorage.o(i.swap_sub_sm_exit_action_run)
    swap_sub_sm_exit_action_run              0x0002190d   Thumb Code     8  pstorage.o(i.swap_sub_sm_exit_action_run)
    i.swap_sub_state_entry_action_run        0x00021914   Section        0  pstorage.o(i.swap_sub_state_entry_action_run)
    swap_sub_state_entry_action_run          0x00021915   Thumb Code    16  pstorage.o(i.swap_sub_state_entry_action_run)
    i.swap_sub_state_err_busy_process        0x0002192c   Section        0  pstorage.o(i.swap_sub_state_err_busy_process)
    swap_sub_state_err_busy_process          0x0002192d   Thumb Code    24  pstorage.o(i.swap_sub_state_err_busy_process)
    i.swap_sub_state_sm_run                  0x0002194c   Section        0  pstorage.o(i.swap_sub_state_sm_run)
    swap_sub_state_sm_run                    0x0002194d   Thumb Code    16  pstorage.o(i.swap_sub_state_sm_run)
    i.swap_sub_state_state_change            0x00021964   Section        0  pstorage.o(i.swap_sub_state_state_change)
    swap_sub_state_state_change              0x00021965   Thumb Code    14  pstorage.o(i.swap_sub_state_state_change)
    i.sys_evt_dispatch                       0x00021978   Section        0  main.o(i.sys_evt_dispatch)
    sys_evt_dispatch                         0x00021979   Thumb Code    18  main.o(i.sys_evt_dispatch)
    i.tail_restore_state_run                 0x0002198c   Section        0  pstorage.o(i.tail_restore_state_run)
    tail_restore_state_run                   0x0002198d   Thumb Code    26  pstorage.o(i.tail_restore_state_run)
    i.tail_word_size_calculate               0x000219ac   Section        0  pstorage.o(i.tail_word_size_calculate)
    tail_word_size_calculate                 0x000219ad   Thumb Code    84  pstorage.o(i.tail_word_size_calculate)
    i.ticks_diff_get                         0x00021a04   Section        0  app_timer.o(i.ticks_diff_get)
    ticks_diff_get                           0x00021a05   Thumb Code    10  app_timer.o(i.ticks_diff_get)
    i.timeout_handler_exec                   0x00021a10   Section        0  app_timer.o(i.timeout_handler_exec)
    timeout_handler_exec                     0x00021a11   Thumb Code    60  app_timer.o(i.timeout_handler_exec)
    i.timer_list_handler                     0x00021a8c   Section        0  app_timer.o(i.timer_list_handler)
    timer_list_handler                       0x00021a8d   Thumb Code    74  app_timer.o(i.timer_list_handler)
    i.timer_list_handler_sched               0x00021ae4   Section        0  app_timer.o(i.timer_list_handler_sched)
    timer_list_handler_sched                 0x00021ae5   Thumb Code    10  app_timer.o(i.timer_list_handler_sched)
    i.timer_list_insert                      0x00021af0   Section        0  app_timer.o(i.timer_list_insert)
    timer_list_insert                        0x00021af1   Thumb Code   104  app_timer.o(i.timer_list_insert)
    i.timer_list_remove                      0x00021b5c   Section        0  app_timer.o(i.timer_list_remove)
    timer_list_remove                        0x00021b5d   Thumb Code    96  app_timer.o(i.timer_list_remove)
    i.timer_start_op_schedule                0x00021bcc   Section        0  app_timer.o(i.timer_start_op_schedule)
    timer_start_op_schedule                  0x00021bcd   Thumb Code    82  app_timer.o(i.timer_start_op_schedule)
    i.timer_stop_op_schedule                 0x00021c24   Section        0  app_timer.o(i.timer_stop_op_schedule)
    timer_stop_op_schedule                   0x00021c25   Thumb Code    60  app_timer.o(i.timer_stop_op_schedule)
    i.timer_timeouts_check                   0x00021c64   Section        0  app_timer.o(i.timer_timeouts_check)
    timer_timeouts_check                     0x00021c65   Thumb Code   128  app_timer.o(i.timer_timeouts_check)
    i.timer_timeouts_check_sched             0x00021cf8   Section        0  app_timer.o(i.timer_timeouts_check_sched)
    timer_timeouts_check_sched               0x00021cf9   Thumb Code    10  app_timer.o(i.timer_timeouts_check_sched)
    i.timers_init                            0x00021d04   Section        0  main.o(i.timers_init)
    timers_init                              0x00021d05   Thumb Code    66  main.o(i.timers_init)
    i.tk_value_encode                        0x00021d6c   Section        0  ble_advdata.o(i.tk_value_encode)
    tk_value_encode                          0x00021d6d   Thumb Code    70  ble_advdata.o(i.tk_value_encode)
    i.transfer_byte                          0x00021db2   Section        0  nrf_drv_spi.o(i.transfer_byte)
    transfer_byte                            0x00021db3   Thumb Code   110  nrf_drv_spi.o(i.transfer_byte)
    i.tx_byte                                0x00021e20   Section        0  nrf_drv_uart.o(i.tx_byte)
    tx_byte                                  0x00021e21   Thumb Code    48  nrf_drv_uart.o(i.tx_byte)
    i.tx_done_event                          0x00021e58   Section        0  nrf_drv_uart.o(i.tx_done_event)
    tx_done_event                            0x00021e59   Thumb Code    38  nrf_drv_uart.o(i.tx_done_event)
    i.tx_power_level_encode                  0x00021e84   Section        0  ble_advdata.o(i.tx_power_level_encode)
    tx_power_level_encode                    0x00021e85   Thumb Code    54  ble_advdata.o(i.tx_power_level_encode)
    i.uart_irq_handler                       0x00021ebc   Section        0  nrf_drv_uart.o(i.uart_irq_handler)
    uart_irq_handler                         0x00021ebd   Thumb Code   364  nrf_drv_uart.o(i.uart_irq_handler)
    i.uint16_encode                          0x00022030   Section        0  ble_advdata.o(i.uint16_encode)
    uint16_encode                            0x00022031   Thumb Code    18  ble_advdata.o(i.uint16_encode)
    i.update_operation_execute               0x00022042   Section        0  pstorage.o(i.update_operation_execute)
    update_operation_execute                 0x00022043   Thumb Code     8  pstorage.o(i.update_operation_execute)
    i.update_status_bit_reset                0x0002204c   Section        0  device_manager_peripheral.o(i.update_status_bit_reset)
    update_status_bit_reset                  0x0002204d   Thumb Code    16  device_manager_peripheral.o(i.update_status_bit_reset)
    i.update_timeout_handler                 0x00022060   Section        0  ble_conn_params.o(i.update_timeout_handler)
    update_timeout_handler                   0x00022061   Thumb Code   136  ble_conn_params.o(i.update_timeout_handler)
    i.user_id_get                            0x000220fc   Section        0  app_timer.o(i.user_id_get)
    user_id_get                              0x000220fd   Thumb Code    34  app_timer.o(i.user_id_get)
    i.user_op_alloc                          0x0002211e   Section        0  app_timer.o(i.user_op_alloc)
    user_op_alloc                            0x0002211f   Thumb Code    46  app_timer.o(i.user_op_alloc)
    i.user_op_enque                          0x0002214c   Section        0  app_timer.o(i.user_op_enque)
    user_op_enque                            0x0002214d   Thumb Code     4  app_timer.o(i.user_op_enque)
    i.uuid_list_encode                       0x00022150   Section        0  ble_advdata.o(i.uuid_list_encode)
    uuid_list_encode                         0x00022151   Thumb Code    76  ble_advdata.o(i.uuid_list_encode)
    i.uuid_list_sized_encode                 0x0002219c   Section        0  ble_advdata.o(i.uuid_list_sized_encode)
    uuid_list_sized_encode                   0x0002219d   Thumb Code   224  ble_advdata.o(i.uuid_list_sized_encode)
    i.whitelist_has_entries                  0x0002227c   Section        0  ble_advertising.o(i.whitelist_has_entries)
    whitelist_has_entries                    0x0002227d   Thumb Code    22  ble_advertising.o(i.whitelist_has_entries)
    .constdata                               0x00022294   Section       36  main.o(.constdata)
    m_sensor_read_timer_id                   0x00022294   Data           4  main.o(.constdata)
    m_adxl345_timer_id                       0x00022298   Data           4  main.o(.constdata)
    spi                                      0x0002229c   Data           8  main.o(.constdata)
    .constdata                               0x000222b8   Section       32  our_service.o(.constdata)
    .constdata                               0x000222d8   Section       60  bsp.o(.constdata)
    m_leds_timer_id                          0x000222d8   Data           4  bsp.o(.constdata)
    m_alert_timer_id                         0x000222dc   Data           4  bsp.o(.constdata)
    m_button_timer_id                        0x000222e0   Data           4  bsp.o(.constdata)
    m_buttons_list                           0x000222e4   Data          16  bsp.o(.constdata)
    app_buttons                              0x000222f4   Data          32  bsp.o(.constdata)
    .constdata                               0x00022314   Section        4  ble_conn_params.o(.constdata)
    m_conn_params_timer_id                   0x00022314   Data           4  ble_conn_params.o(.constdata)
    .constdata                               0x00022318   Section       52  device_manager_peripheral.o(.constdata)
    .constdata                               0x0002234c   Section       40  pstorage.o(.constdata)
    swap_sub_state_sm_lut                    0x0002234c   Data          20  pstorage.o(.constdata)
    swap_sub_state_sm_lut                    0x00022360   Data          20  pstorage.o(.constdata)
    .constdata                               0x00022374   Section       16  nrf_drv_spi.o(.constdata)
    m_default_config                         0x00022374   Data          16  nrf_drv_spi.o(.constdata)
    .constdata                               0x00022384   Section        8  app_button.o(.constdata)
    m_detection_delay_timer_id               0x00022384   Data           4  app_button.o(.constdata)
    .constdata                               0x0002238c   Section       16  segger_rtt_printf.o(.constdata)
    _aV2C                                    0x0002238c   Data          16  segger_rtt_printf.o(.constdata)
    .conststring                             0x0002239c   Section       76  device_manager_peripheral.o(.conststring)
    .conststring                             0x000223e8   Section       87  softdevice_handler.o(.conststring)
    .data                                    0x20002080   Section       10  main.o(.data)
    m_app_handle                             0x20002080   Data           1  main.o(.data)
    m_conn_handle                            0x20002082   Data           2  main.o(.data)
    spi_xfer_done                            0x20002084   Data           1  main.o(.data)
    m_adv_uuids                              0x20002086   Data           4  main.o(.data)
    .data                                    0x2000208c   Section       25  bsp.o(.data)
    m_stable_state                           0x2000208c   Data           1  bsp.o(.data)
    m_app_ticks_per_100ms                    0x20002090   Data           4  bsp.o(.data)
    m_indication_type                        0x20002094   Data           4  bsp.o(.data)
    m_alert_mask                             0x20002098   Data           4  bsp.o(.data)
    m_registered_callback                    0x2000209c   Data           4  bsp.o(.data)
    current_long_push_pin_no                 0x200020a0   Data           1  bsp.o(.data)
    release_event_at_push                    0x200020a1   Data           4  bsp.o(.data)
    .data                                    0x200020a8   Section        8  bsp_btn_ble.o(.data)
    m_error_handler                          0x200020a8   Data           4  bsp_btn_ble.o(.data)
    m_num_connections                        0x200020ac   Data           4  bsp_btn_ble.o(.data)
    .data                                    0x200020b0   Section       32  ble_advertising.o(.data)
    m_advertising_start_pending              0x200020b0   Data           1  ble_advertising.o(.data)
    m_peer_address                           0x200020b1   Data           7  ble_advertising.o(.data)
    m_adv_evt                                0x200020b8   Data           1  ble_advertising.o(.data)
    m_evt_handler                            0x200020bc   Data           4  ble_advertising.o(.data)
    m_error_handler                          0x200020c0   Data           4  ble_advertising.o(.data)
    m_adv_mode_current                       0x200020c4   Data           1  ble_advertising.o(.data)
    m_whitelist_temporarily_disabled         0x200020c5   Data           1  ble_advertising.o(.data)
    m_whitelist_reply_expected               0x200020c6   Data           1  ble_advertising.o(.data)
    m_peer_addr_reply_expected               0x200020c7   Data           1  ble_advertising.o(.data)
    m_slave_conn_int                         0x200020c8   Data           4  ble_advertising.o(.data)
    m_tx_power_level                         0x200020cc   Data           1  ble_advertising.o(.data)
    current_slave_link_conn_handle           0x200020ce   Data           2  ble_advertising.o(.data)
    .data                                    0x200020d0   Section       21  ble_conn_params.o(.data)
    m_preferred_conn_params                  0x200020d0   Data           8  ble_conn_params.o(.data)
    m_update_count                           0x200020d8   Data           1  ble_conn_params.o(.data)
    m_conn_handle                            0x200020da   Data           2  ble_conn_params.o(.data)
    m_current_conn_params                    0x200020dc   Data           8  ble_conn_params.o(.data)
    m_change_param                           0x200020e4   Data           1  ble_conn_params.o(.data)
    .data                                    0x200020e8   Section       20  device_manager_peripheral.o(.data)
    m_storage_handle                         0x200020e8   Data           8  device_manager_peripheral.o(.data)
    m_peer_addr_update                       0x200020f0   Data           4  device_manager_peripheral.o(.data)
    m_module_initialized                     0x200020f4   Data           1  device_manager_peripheral.o(.data)
    m_irk_index_table                        0x200020f5   Data           7  device_manager_peripheral.o(.data)
    .data                                    0x200020fc   Section       40  pstorage.o(.data)
    m_next_app_instance                      0x200020fc   Data           2  pstorage.o(.data)
    m_next_page_addr                         0x20002100   Data           4  pstorage.o(.data)
    m_state                                  0x20002104   Data           1  pstorage.o(.data)
    m_swap_sub_state                         0x20002105   Data           1  pstorage.o(.data)
    m_head_word_size                         0x20002108   Data           4  pstorage.o(.data)
    m_tail_word_size                         0x2000210c   Data           4  pstorage.o(.data)
    m_current_page_id                        0x20002110   Data           4  pstorage.o(.data)
    m_num_of_command_retries                 0x20002114   Data           4  pstorage.o(.data)
    m_num_of_bytes_written                   0x20002118   Data           4  pstorage.o(.data)
    m_app_data_size                          0x2000211c   Data           4  pstorage.o(.data)
    m_flags                                  0x20002120   Data           4  pstorage.o(.data)
    .data                                    0x20002124   Section       20  app_button.o(.data)
    mp_buttons                               0x20002124   Data           4  app_button.o(.data)
    m_button_count                           0x20002128   Data           1  app_button.o(.data)
    m_detection_delay                        0x2000212c   Data           4  app_button.o(.data)
    m_pin_state                              0x20002130   Data           4  app_button.o(.data)
    m_pin_transition                         0x20002134   Data           4  app_button.o(.data)
    .data                                    0x20002138   Section       34  app_timer.o(.data)
    m_user_array_size                        0x20002138   Data           1  app_timer.o(.data)
    mp_users                                 0x2000213c   Data           4  app_timer.o(.data)
    mp_timer_id_head                         0x20002140   Data           4  app_timer.o(.data)
    m_ticks_latest                           0x20002144   Data           4  app_timer.o(.data)
    m_ticks_elapsed                          0x20002148   Data           8  app_timer.o(.data)
    m_ticks_elapsed_q_read_ind               0x20002150   Data           1  app_timer.o(.data)
    m_ticks_elapsed_q_write_ind              0x20002151   Data           1  app_timer.o(.data)
    m_evt_schedule_func                      0x20002154   Data           4  app_timer.o(.data)
    m_rtc1_running                           0x20002158   Data           1  app_timer.o(.data)
    m_rtc1_reset                             0x20002159   Data           1  app_timer.o(.data)
    .data                                    0x2000215c   Section       32  softdevice_handler.o(.data)
    m_evt_schedule_func                      0x20002164   Data           4  softdevice_handler.o(.data)
    m_softdevice_enabled                     0x20002168   Data           1  softdevice_handler.o(.data)
    mp_ble_evt_buffer                        0x2000216c   Data           4  softdevice_handler.o(.data)
    m_ble_evt_buffer_size                    0x20002170   Data           2  softdevice_handler.o(.data)
    m_ble_evt_handler                        0x20002174   Data           4  softdevice_handler.o(.data)
    m_sys_evt_handler                        0x20002178   Data           4  softdevice_handler.o(.data)
    .data                                    0x2000217c   Section        4  system_nrf51.o(.data)
    __tagsym$$used                           0x2000217c   Number         0  system_nrf51.o(.data)
    .bss                                     0x20002180   Section      688  main.o(.bss)
    m_sensor_read_timer_id_data              0x20002180   Data          32  main.o(.bss)
    m_adxl345_timer_id_data                  0x200021a0   Data          32  main.o(.bss)
    m_tx_buf                                 0x200021c0   Data          10  main.o(.bss)
    m_rx_buf                                 0x200021cc   Data          40  main.o(.bss)
    APP_TIMER_BUF                            0x20002220   Data         456  main.o(.bss)
    BLE_EVT_BUFFER                           0x200023e8   Data          72  main.o(.bss)
    .bss                                     0x20002430   Section      108  bsp.o(.bss)
    m_leds_timer_id_data                     0x20002430   Data          32  bsp.o(.bss)
    m_alert_timer_id_data                    0x20002450   Data          32  bsp.o(.bss)
    m_events_list                            0x20002470   Data          12  bsp.o(.bss)
    m_button_timer_id_data                   0x2000247c   Data          32  bsp.o(.bss)
    .bss                                     0x2000249c   Section      259  ble_advertising.o(.bss)
    m_advdata                                0x2000249c   Data          56  ble_advertising.o(.bss)
    m_adv_modes_config                       0x200024d4   Data          36  ble_advertising.o(.bss)
    m_whitelist                              0x200024f8   Data          16  ble_advertising.o(.bss)
    mp_whitelist_addr                        0x20002508   Data          32  ble_advertising.o(.bss)
    mp_whitelist_irk                         0x20002528   Data          32  ble_advertising.o(.bss)
    m_manuf_specific_data                    0x20002548   Data          12  ble_advertising.o(.bss)
    m_manuf_data_array                       0x20002554   Data          31  ble_advertising.o(.bss)
    m_service_data                           0x20002574   Data          12  ble_advertising.o(.bss)
    m_service_data_array                     0x20002580   Data          31  ble_advertising.o(.bss)
    .bss                                     0x200025a0   Section       60  ble_conn_params.o(.bss)
    m_conn_params_config                     0x200025a0   Data          28  ble_conn_params.o(.bss)
    m_conn_params_timer_id_data              0x200025bc   Data          32  ble_conn_params.o(.bss)
    .bss                                     0x200025dc   Section      335  device_manager_peripheral.o(.bss)
    m_app_context_table                      0x200025dc   Data          28  device_manager_peripheral.o(.bss)
    m_peer_table                             0x200025f8   Data         196  device_manager_peripheral.o(.bss)
    m_bond_table                             0x200026bc   Data          28  device_manager_peripheral.o(.bss)
    m_gatts_table                            0x200026d8   Data          36  device_manager_peripheral.o(.bss)
    m_connection_table                       0x200026fc   Data          12  device_manager_peripheral.o(.bss)
    m_application_table                      0x20002708   Data          12  device_manager_peripheral.o(.bss)
    m_local_id_info                          0x20002714   Data          23  device_manager_peripheral.o(.bss)
    .bss                                     0x2000272c   Section       72  nrf_drv_gpiote.o(.bss)
    m_cb                                     0x2000272c   Data          72  nrf_drv_gpiote.o(.bss)
    .bss                                     0x20002774   Section       28  nrf_drv_uart.o(.bss)
    m_cb                                     0x20002774   Data          28  nrf_drv_uart.o(.bss)
    .bss                                     0x20002790   Section      228  pstorage.o(.bss)
    m_cmd_queue                              0x20002790   Data         204  pstorage.o(.bss)
    m_app_table                              0x2000285c   Data          24  pstorage.o(.bss)
    .bss                                     0x20002874   Section       32  nrf_drv_spi.o(.bss)
    m_cb                                     0x20002874   Data          32  nrf_drv_spi.o(.bss)
    .bss                                     0x20002894   Section       32  app_button.o(.bss)
    m_detection_delay_timer_id_data          0x20002894   Data          32  app_button.o(.bss)
    .bss                                     0x200028b4   Section       32  app_error.o(.bss)
    m_error_data                             0x200028b4   Data          32  app_error.o(.bss)
    .bss                                     0x200028d4   Section       88  fstorage.o(.bss)
    m_queue                                  0x200028d4   Data          88  fstorage.o(.bss)
    .bss                                     0x2000292c   Section     1160  segger_rtt.o(.bss)
    _acUpBuffer                              0x2000292c   Data        1024  segger_rtt.o(.bss)
    _acDownBuffer                            0x20002d2c   Data          16  segger_rtt.o(.bss)
    STACK                                    0x20002db8   Section     2048  arm_startup_nrf51.o(STACK)

    Global Symbols

    Symbol Name                              Value     Ov Type        Size  Object(Section)

    BuildAttributes$$THM_ISAv3M$S$PE$A:L22$X:L11$S22$IEEE1$IW$USESV6$~STKCKD$USESV7$~SHL$OSPACE$ROPI$EBA8$MICROLIB$REQ8$PRES8$EABIv2 0x00000000   Number         0  anon$$obj.o ABSOLUTE
    __ARM_use_no_argv                        0x00000000   Number         0  main.o ABSOLUTE
    __cpp_initialize__aeabi_                  - Undefined Weak Reference
    __cxa_finalize                            - Undefined Weak Reference
    __decompress                              - Undefined Weak Reference
    _clock_init                               - Undefined Weak Reference
    _microlib_exit                            - Undefined Weak Reference
    fs_data$$Base                             - Undefined Reference
    fs_data$$Limit                            - Undefined Reference
    __Vectors_Size                           0x000000c0   Number         0  arm_startup_nrf51.o ABSOLUTE
    __Vectors                                0x0001b000   Data           4  arm_startup_nrf51.o(RESET)
    __Vectors_End                            0x0001b0c0   Data           0  arm_startup_nrf51.o(RESET)
    __main                                   0x0001b0c1   Thumb Code     0  entry.o(.ARM.Collect$$$$00000000)
    _main_stk                                0x0001b0c1   Thumb Code     0  entry2.o(.ARM.Collect$$$$00000001)
    _main_scatterload                        0x0001b0c5   Thumb Code     0  entry5.o(.ARM.Collect$$$$00000004)
    __main_after_scatterload                 0x0001b0c9   Thumb Code     0  entry5.o(.ARM.Collect$$$$00000004)
    _main_clock                              0x0001b0c9   Thumb Code     0  entry7b.o(.ARM.Collect$$$$00000008)
    _main_cpp_init                           0x0001b0c9   Thumb Code     0  entry8b.o(.ARM.Collect$$$$0000000A)
    _main_init                               0x0001b0c9   Thumb Code     0  entry9a.o(.ARM.Collect$$$$0000000B)
    __rt_final_cpp                           0x0001b0d1   Thumb Code     0  entry10a.o(.ARM.Collect$$$$0000000D)
    __rt_final_exit                          0x0001b0d1   Thumb Code     0  entry11a.o(.ARM.Collect$$$$0000000F)
    __asm___11_app_timer_c_cd27f9c3__nrf_delay_us 0x0001b0d5   Thumb Code    30  app_timer.o(.emb_text)
    Reset_Handler                            0x0001b0f5   Thumb Code    26  arm_startup_nrf51.o(.text)
    NMI_Handler                              0x0001b10f   Thumb Code     2  arm_startup_nrf51.o(.text)
    HardFault_Handler                        0x0001b111   Thumb Code     2  arm_startup_nrf51.o(.text)
    SVC_Handler                              0x0001b113   Thumb Code     2  arm_startup_nrf51.o(.text)
    PendSV_Handler                           0x0001b115   Thumb Code     2  arm_startup_nrf51.o(.text)
    SysTick_Handler                          0x0001b117   Thumb Code     2  arm_startup_nrf51.o(.text)
    ADC_IRQHandler                           0x0001b119   Thumb Code     0  arm_startup_nrf51.o(.text)
    CCM_AAR_IRQHandler                       0x0001b119   Thumb Code     0  arm_startup_nrf51.o(.text)
    ECB_IRQHandler                           0x0001b119   Thumb Code     0  arm_startup_nrf51.o(.text)
    LPCOMP_IRQHandler                        0x0001b119   Thumb Code     0  arm_startup_nrf51.o(.text)
    POWER_CLOCK_IRQHandler                   0x0001b119   Thumb Code     0  arm_startup_nrf51.o(.text)
    QDEC_IRQHandler                          0x0001b119   Thumb Code     0  arm_startup_nrf51.o(.text)
    RADIO_IRQHandler                         0x0001b119   Thumb Code     0  arm_startup_nrf51.o(.text)
    RNG_IRQHandler                           0x0001b119   Thumb Code     0  arm_startup_nrf51.o(.text)
    RTC0_IRQHandler                          0x0001b119   Thumb Code     0  arm_startup_nrf51.o(.text)
    SPI1_TWI1_IRQHandler                     0x0001b119   Thumb Code     0  arm_startup_nrf51.o(.text)
    SWI1_IRQHandler                          0x0001b119   Thumb Code     0  arm_startup_nrf51.o(.text)
    SWI3_IRQHandler                          0x0001b119   Thumb Code     0  arm_startup_nrf51.o(.text)
    SWI4_IRQHandler                          0x0001b119   Thumb Code     0  arm_startup_nrf51.o(.text)
    SWI5_IRQHandler                          0x0001b119   Thumb Code     0  arm_startup_nrf51.o(.text)
    TEMP_IRQHandler                          0x0001b119   Thumb Code     0  arm_startup_nrf51.o(.text)
    TIMER0_IRQHandler                        0x0001b119   Thumb Code     0  arm_startup_nrf51.o(.text)
    TIMER1_IRQHandler                        0x0001b119   Thumb Code     0  arm_startup_nrf51.o(.text)
    TIMER2_IRQHandler                        0x0001b119   Thumb Code     0  arm_startup_nrf51.o(.text)
    WDT_IRQHandler                           0x0001b119   Thumb Code     0  arm_startup_nrf51.o(.text)
    __aeabi_uidiv                            0x0001b12d   Thumb Code     0  uidiv.o(.text)
    __aeabi_uidivmod                         0x0001b12d   Thumb Code    44  uidiv.o(.text)
    __aeabi_idiv                             0x0001b159   Thumb Code     0  idiv.o(.text)
    __aeabi_idivmod                          0x0001b159   Thumb Code    40  idiv.o(.text)
    __aeabi_memcpy                           0x0001b181   Thumb Code    36  memcpya.o(.text)
    __aeabi_memcpy4                          0x0001b181   Thumb Code     0  memcpya.o(.text)
    __aeabi_memcpy8                          0x0001b181   Thumb Code     0  memcpya.o(.text)
    __aeabi_memset                           0x0001b1a5   Thumb Code    14  memseta.o(.text)
    __aeabi_memset4                          0x0001b1a5   Thumb Code     0  memseta.o(.text)
    __aeabi_memset8                          0x0001b1a5   Thumb Code     0  memseta.o(.text)
    __aeabi_memclr                           0x0001b1b3   Thumb Code     4  memseta.o(.text)
    __aeabi_memclr4                          0x0001b1b3   Thumb Code     0  memseta.o(.text)
    __aeabi_memclr8                          0x0001b1b3   Thumb Code     0  memseta.o(.text)
    _memset$wrapper                          0x0001b1b7   Thumb Code    18  memseta.o(.text)
    memcmp                                   0x0001b1c9   Thumb Code    26  memcmp.o(.text)
    strcpy                                   0x0001b1e3   Thumb Code    18  strcpy.o(.text)
    __scatterload                            0x0001b1f5   Thumb Code    28  init.o(.text)
    __scatterload_rt2                        0x0001b1f5   Thumb Code     0  init.o(.text)
    GPIOTE_IRQHandler                        0x0001b219   Thumb Code   484  nrf_drv_gpiote.o(i.GPIOTE_IRQHandler)
    RTC1_IRQHandler                          0x0001b539   Thumb Code    34  app_timer.o(i.RTC1_IRQHandler)
    SEGGER_RTT_Write                         0x0001b561   Thumb Code    44  segger_rtt.o(i.SEGGER_RTT_Write)
    SEGGER_RTT_WriteNoLock                   0x0001b591   Thumb Code   128  segger_rtt.o(i.SEGGER_RTT_WriteNoLock)
    SEGGER_RTT_printf                        0x0001b615   Thumb Code    28  segger_rtt_printf.o(i.SEGGER_RTT_printf)
    SEGGER_RTT_vprintf                       0x0001b631   Thumb Code   536  segger_rtt_printf.o(i.SEGGER_RTT_vprintf)
    SPI0_TWI0_IRQHandler                     0x0001b849   Thumb Code    14  nrf_drv_spi.o(i.SPI0_TWI0_IRQHandler)
    SWI0_IRQHandler                          0x0001b861   Thumb Code     8  app_timer.o(i.SWI0_IRQHandler)
    SWI2_IRQHandler                          0x0001b869   Thumb Code    52  softdevice_handler.o(i.SWI2_IRQHandler)
    SystemInit                               0x0001b8a5   Thumb Code    76  system_nrf51.o(i.SystemInit)
    UART0_IRQHandler                         0x0001b909   Thumb Code     8  nrf_drv_uart.o(i.UART0_IRQHandler)
    __ARM_common_switch8                     0x0001bcd1   Thumb Code    28  bsp.o(i.__ARM_common_switch8)
    __scatterload_copy                       0x0001bced   Thumb Code    14  handlers.o(i.__scatterload_copy)
    __scatterload_null                       0x0001bcfb   Thumb Code     2  handlers.o(i.__scatterload_null)
    __scatterload_zeroinit                   0x0001bcfd   Thumb Code    14  handlers.o(i.__scatterload_zeroinit)
    adv_data_encode                          0x0001bd0b   Thumb Code   500  ble_advdata.o(i.adv_data_encode)
    adxl345_init                             0x0001bff9   Thumb Code    52  adxl345.o(i.adxl345_init)
    adxl345_read_register                    0x0001c045   Thumb Code    72  adxl345.o(i.adxl345_read_register)
    adxl345_read_values                      0x0001c0a1   Thumb Code    68  adxl345.o(i.adxl345_read_values)
    app_button_enable                        0x0001c141   Thumb Code    34  app_button.o(i.app_button_enable)
    app_button_init                          0x0001c16d   Thumb Code   136  app_button.o(i.app_button_init)
    app_error_fault_handler                  0x0001c219   Thumb Code    26  app_error_weak.o(i.app_error_fault_handler)
    app_error_handler                        0x0001c235   Thumb Code    28  app_error.o(i.app_error_handler)
    app_error_save_and_stop                  0x0001c255   Thumb Code   132  app_error.o(i.app_error_save_and_stop)
    app_timer_create                         0x0001c351   Thumb Code    64  app_timer.o(i.app_timer_create)
    app_timer_init                           0x0001c395   Thumb Code   156  app_timer.o(i.app_timer_init)
    app_timer_start                          0x0001c44d   Thumb Code    86  app_timer.o(i.app_timer_start)
    app_timer_stop                           0x0001c4a9   Thumb Code    54  app_timer.o(i.app_timer_stop)
    ble_advdata_set                          0x0001c551   Thumb Code   152  ble_advdata.o(i.ble_advdata_set)
    ble_advertising_init                     0x0001c5e9   Thumb Code   328  ble_advertising.o(i.ble_advertising_init)
    ble_advertising_on_ble_evt               0x0001c769   Thumb Code   242  ble_advertising.o(i.ble_advertising_on_ble_evt)
    ble_advertising_on_sys_evt               0x0001c875   Thumb Code    70  ble_advertising.o(i.ble_advertising_on_sys_evt)
    ble_advertising_restart_without_whitelist 0x0001c8d9   Thumb Code   110  ble_advertising.o(i.ble_advertising_restart_without_whitelist)
    ble_advertising_start                    0x0001c95d   Thumb Code   654  ble_advertising.o(i.ble_advertising_start)
    ble_conn_params_init                     0x0001cc19   Thumb Code    90  ble_conn_params.o(i.ble_conn_params_init)
    ble_conn_params_on_ble_evt               0x0001cc91   Thumb Code    62  ble_conn_params.o(i.ble_conn_params_on_ble_evt)
    ble_our_service_on_ble_evt               0x0001cd71   Thumb Code   160  our_service.o(i.ble_our_service_on_ble_evt)
    bond_data_load                           0x0001cf65   Thumb Code    62  device_manager_peripheral.o(i.bond_data_load)
    bsp_btn_ble_init                         0x0001cfb5   Thumb Code    54  bsp_btn_ble.o(i.bsp_btn_ble_init)
    bsp_btn_ble_on_ble_evt                   0x0001cff5   Thumb Code   122  bsp_btn_ble.o(i.bsp_btn_ble_on_ble_evt)
    bsp_btn_ble_sleep_mode_prepare           0x0001d079   Thumb Code    30  bsp_btn_ble.o(i.bsp_btn_ble_sleep_mode_prepare)
    bsp_button_is_pressed                    0x0001d171   Thumb Code    48  bsp.o(i.bsp_button_is_pressed)
    bsp_event_handler                        0x0001d1a9   Thumb Code   138  main.o(i.bsp_event_handler)
    bsp_event_to_button_action_assign        0x0001d269   Thumb Code    88  bsp.o(i.bsp_event_to_button_action_assign)
    bsp_indication_set                       0x0001d2c5   Thumb Code    30  bsp.o(i.bsp_indication_set)
    bsp_init                                 0x0001d2e9   Thumb Code   166  bsp.o(i.bsp_init)
    bsp_wakeup_buttons_set                   0x0001d925   Thumb Code    84  bsp.o(i.bsp_wakeup_buttons_set)
    dm_ble_evt_handler                       0x0001e569   Thumb Code  1588  device_manager_peripheral.o(i.dm_ble_evt_handler)
    dm_handle_initialize                     0x0001ebb9   Thumb Code    24  device_manager_peripheral.o(i.dm_handle_initialize)
    dm_init                                  0x0001ebd5   Thumb Code   230  device_manager_peripheral.o(i.dm_init)
    dm_register                              0x0001ef2d   Thumb Code   176  device_manager_peripheral.o(i.dm_register)
    fs_queued_op_count_get                   0x0001f245   Thumb Code    20  fstorage.o(i.fs_queued_op_count_get)
    intern_softdevice_events_execute         0x0001f669   Thumb Code   168  softdevice_handler.o(i.intern_softdevice_events_execute)
    main                                     0x0001fb55   Thumb Code   164  main.o(i.main)
    notify_sensor_data                       0x0001fd85   Thumb Code    62  our_service.o(i.notify_sensor_data)
    nrf_drv_common_irq_enable                0x0001fdc9   Thumb Code    48  nrf_drv_common.o(i.nrf_drv_common_irq_enable)
    nrf_drv_gpiote_in_event_enable           0x0001fe01   Thumb Code   186  nrf_drv_gpiote.o(i.nrf_drv_gpiote_in_event_enable)
    nrf_drv_gpiote_in_init                   0x0001fec9   Thumb Code   228  nrf_drv_gpiote.o(i.nrf_drv_gpiote_in_init)
    nrf_drv_gpiote_in_is_set                 0x0001ffbd   Thumb Code    26  nrf_drv_gpiote.o(i.nrf_drv_gpiote_in_is_set)
    nrf_drv_gpiote_init                      0x0001ffdd   Thumb Code    76  nrf_drv_gpiote.o(i.nrf_drv_gpiote_init)
    nrf_drv_gpiote_is_init                   0x0002002d   Thumb Code    16  nrf_drv_gpiote.o(i.nrf_drv_gpiote_is_init)
    nrf_drv_spi_init                         0x00020041   Thumb Code   372  nrf_drv_spi.o(i.nrf_drv_spi_init)
    nrf_drv_spi_transfer                     0x000201bd   Thumb Code    36  nrf_drv_spi.o(i.nrf_drv_spi_transfer)
    nrf_drv_spi_xfer                         0x000201e1   Thumb Code   112  nrf_drv_spi.o(i.nrf_drv_spi_xfer)
    our_service_init                         0x00020745   Thumb Code   124  our_service.o(i.our_service_init)
    pstorage_access_status_get               0x000208f1   Thumb Code    40  pstorage.o(i.pstorage_access_status_get)
    pstorage_block_identifier_get            0x00020921   Thumb Code   154  pstorage.o(i.pstorage_block_identifier_get)
    pstorage_clear                           0x000209c5   Thumb Code   270  pstorage.o(i.pstorage_clear)
    pstorage_init                            0x00020b11   Thumb Code   104  pstorage.o(i.pstorage_init)
    pstorage_load                            0x00020b99   Thumb Code   242  pstorage.o(i.pstorage_load)
    pstorage_register                        0x00020c95   Thumb Code   270  pstorage.o(i.pstorage_register)
    pstorage_store                           0x00020db5   Thumb Code   216  pstorage.o(i.pstorage_store)
    pstorage_sys_event_handler               0x00020e95   Thumb Code    66  pstorage.o(i.pstorage_sys_event_handler)
    pstorage_update                          0x00020ee1   Thumb Code   216  pstorage.o(i.pstorage_update)
    sd_check_ram_start                       0x00021105   Thumb Code    22  softdevice_handler.o(i.sd_check_ram_start)
    softdevice_ble_evt_handler_set           0x00021421   Thumb Code    22  softdevice_handler.o(i.softdevice_ble_evt_handler_set)
    softdevice_enable                        0x0002143d   Thumb Code    24  softdevice_handler.o(i.softdevice_enable)
    softdevice_enable_get_default_config     0x00021459   Thumb Code    46  softdevice_handler.o(i.softdevice_enable_get_default_config)
    softdevice_fault_handler                 0x00021487   Thumb Code    20  softdevice_handler.o(i.softdevice_fault_handler)
    softdevice_handler_init                  0x0002149d   Thumb Code    86  softdevice_handler.o(i.softdevice_handler_init)
    softdevice_sys_evt_handler_set           0x00021509   Thumb Code    22  softdevice_handler.o(i.softdevice_sys_evt_handler_set)
    m_service_context_store                  0x00022318   Data          16  device_manager_peripheral.o(.constdata)
    m_service_context_load                   0x00022328   Data          16  device_manager_peripheral.o(.constdata)
    m_service_context_apply                  0x00022338   Data          16  device_manager_peripheral.o(.constdata)
    m_context_init_len                       0x00022348   Data           4  device_manager_peripheral.o(.constdata)
    Region$$Table$$Base                      0x00022440   Number         0  anon$$obj.o(Region$$Table)
    Region$$Table$$Limit                     0x00022460   Number         0  anon$$obj.o(Region$$Table)
    Image$$RW_IRAM1$$Base                    0x20002080   Number         0  anon$$obj.o ABSOLUTE
    nrf_nvic_state                           0x2000215c   Data           8  softdevice_handler.o(.data)
    SystemCoreClock                          0x2000217c   Data           4  system_nrf51.o(.data)
    m_our_service                            0x200021f4   Data          44  main.o(.bss)
    _SEGGER_RTT                              0x20002d3c   Data         120  segger_rtt.o(.bss)
    __initial_sp                             0x200035b8   Data           0  arm_startup_nrf51.o(STACK)



==============================================================================

Memory Map of the image

  Image Entry point : 0x0001b0c1

  Load Region LR_IROM1 (Base: 0x0001b000, Size: 0x00007560, Max: 0x00025000, ABSOLUTE)

    Execution Region ER_IROM1 (Exec base: 0x0001b000, Load base: 0x0001b000, Size: 0x00007460, Max: 0x00025000, ABSOLUTE)

    Exec Addr    Load Addr    Size         Type   Attr      Idx    E Section Name        Object

    0x0001b000   0x0001b000   0x000000c0   Data   RO         3341    RESET               arm_startup_nrf51.o
    0x0001b0c0   0x0001b0c0   0x00000000   Code   RO         3393  * .ARM.Collect$$$$00000000  mc_p.l(entry.o)
    0x0001b0c0   0x0001b0c0   0x00000004   Code   RO         3446    .ARM.Collect$$$$00000001  mc_p.l(entry2.o)
    0x0001b0c4   0x0001b0c4   0x00000004   Code   RO         3449    .ARM.Collect$$$$00000004  mc_p.l(entry5.o)
    0x0001b0c8   0x0001b0c8   0x00000000   Code   RO         3451    .ARM.Collect$$$$00000008  mc_p.l(entry7b.o)
    0x0001b0c8   0x0001b0c8   0x00000000   Code   RO         3453    .ARM.Collect$$$$0000000A  mc_p.l(entry8b.o)
    0x0001b0c8   0x0001b0c8   0x00000008   Code   RO         3454    .ARM.Collect$$$$0000000B  mc_p.l(entry9a.o)
    0x0001b0d0   0x0001b0d0   0x00000000   Code   RO         3456    .ARM.Collect$$$$0000000D  mc_p.l(entry10a.o)
    0x0001b0d0   0x0001b0d0   0x00000000   Code   RO         3458    .ARM.Collect$$$$0000000F  mc_p.l(entry11a.o)
    0x0001b0d0   0x0001b0d0   0x00000004   Code   RO         3447    .ARM.Collect$$$$00002712  mc_p.l(entry2.o)
    0x0001b0d4   0x0001b0d4   0x0000001e   Code   RO         2449    .emb_text           app_timer.o
    0x0001b0f2   0x0001b0f2   0x00000002   PAD
    0x0001b0f4   0x0001b0f4   0x00000038   Code   RO         3342    .text               arm_startup_nrf51.o
    0x0001b12c   0x0001b12c   0x0000002c   Code   RO         3396    .text               mc_p.l(uidiv.o)
    0x0001b158   0x0001b158   0x00000028   Code   RO         3398    .text               mc_p.l(idiv.o)
    0x0001b180   0x0001b180   0x00000024   Code   RO         3400    .text               mc_p.l(memcpya.o)
    0x0001b1a4   0x0001b1a4   0x00000024   Code   RO         3402    .text               mc_p.l(memseta.o)
    0x0001b1c8   0x0001b1c8   0x0000001a   Code   RO         3406    .text               mc_p.l(memcmp.o)
    0x0001b1e2   0x0001b1e2   0x00000012   Code   RO         3408    .text               mc_p.l(strcpy.o)
    0x0001b1f4   0x0001b1f4   0x00000024   Code   RO         3477    .text               mc_p.l(init.o)
    0x0001b218   0x0001b218   0x000001f4   Code   RO         1439    i.GPIOTE_IRQHandler  nrf_drv_gpiote.o
    0x0001b40c   0x0001b40c   0x00000014   Code   RO         2450    i.NVIC_ClearPendingIRQ  app_timer.o
    0x0001b420   0x0001b420   0x00000014   Code   RO         2451    i.NVIC_EnableIRQ    app_timer.o
    0x0001b434   0x0001b434   0x00000014   Code   RO         2452    i.NVIC_SetPendingIRQ  app_timer.o
    0x0001b448   0x0001b448   0x00000078   Code   RO         1408    i.NVIC_SetPriority  nrf_drv_common.o
    0x0001b4c0   0x0001b4c0   0x00000078   Code   RO         2453    i.NVIC_SetPriority  app_timer.o
    0x0001b538   0x0001b538   0x00000028   Code   RO         2454    i.RTC1_IRQHandler   app_timer.o
    0x0001b560   0x0001b560   0x00000030   Code   RO         3035    i.SEGGER_RTT_Write  segger_rtt.o
    0x0001b590   0x0001b590   0x00000084   Code   RO         3036    i.SEGGER_RTT_WriteNoLock  segger_rtt.o
    0x0001b614   0x0001b614   0x0000001c   Code   RO         3162    i.SEGGER_RTT_printf  segger_rtt_printf.o
    0x0001b630   0x0001b630   0x00000218   Code   RO         3163    i.SEGGER_RTT_vprintf  segger_rtt_printf.o
    0x0001b848   0x0001b848   0x00000018   Code   RO         2222    i.SPI0_TWI0_IRQHandler  nrf_drv_spi.o
    0x0001b860   0x0001b860   0x00000008   Code   RO         2455    i.SWI0_IRQHandler   app_timer.o
    0x0001b868   0x0001b868   0x0000003c   Code   RO         3236    i.SWI2_IRQHandler   softdevice_handler.o
    0x0001b8a4   0x0001b8a4   0x00000064   Code   RO         3349    i.SystemInit        system_nrf51.o
    0x0001b908   0x0001b908   0x00000008   Code   RO         1674    i.UART0_IRQHandler  nrf_drv_uart.o
    0x0001b910   0x0001b910   0x00000070   Code   RO         3039    i._DoInit           segger_rtt.o
    0x0001b980   0x0001b980   0x0000001c   Code   RO         3040    i._GetAvailWriteSpace  segger_rtt.o
    0x0001b99c   0x0001b99c   0x0000010e   Code   RO         3164    i._PrintInt         segger_rtt_printf.o
    0x0001baaa   0x0001baaa   0x00000002   PAD
    0x0001baac   0x0001baac   0x0000011c   Code   RO         3165    i._PrintUnsigned    segger_rtt_printf.o
    0x0001bbc8   0x0001bbc8   0x00000044   Code   RO         3166    i._StoreChar        segger_rtt_printf.o
    0x0001bc0c   0x0001bc0c   0x0000007a   Code   RO         3042    i._WriteBlocking    segger_rtt.o
    0x0001bc86   0x0001bc86   0x0000004a   Code   RO         3043    i._WriteNoCheck     segger_rtt.o
    0x0001bcd0   0x0001bcd0   0x0000001c   Code   RO          612    i.__ARM_common_switch8  bsp.o
    0x0001bcec   0x0001bcec   0x0000000e   Code   RO         3485    i.__scatterload_copy  mc_p.l(handlers.o)
    0x0001bcfa   0x0001bcfa   0x00000002   Code   RO         3486    i.__scatterload_null  mc_p.l(handlers.o)
    0x0001bcfc   0x0001bcfc   0x0000000e   Code   RO         3487    i.__scatterload_zeroinit  mc_p.l(handlers.o)
    0x0001bd0a   0x0001bd0a   0x000001f4   Code   RO          687    i.adv_data_encode   ble_advdata.o
    0x0001befe   0x0001befe   0x00000014   Code   RO          688    i.advdata_check     ble_advdata.o
    0x0001bf12   0x0001bf12   0x0000005a   Code   RO          635    i.advertising_buttons_configure  bsp_btn_ble.o
    0x0001bf6c   0x0001bf6c   0x0000008c   Code   RO            3    i.advertising_init  main.o
    0x0001bff8   0x0001bff8   0x0000004c   Code   RO          462    i.adxl345_init      adxl345.o
    0x0001c044   0x0001c044   0x0000005c   Code   RO          463    i.adxl345_read_register  adxl345.o
    0x0001c0a0   0x0001c0a0   0x00000044   Code   RO          464    i.adxl345_read_values  adxl345.o
    0x0001c0e4   0x0001c0e4   0x00000038   Code   RO            4    i.adxl345_timer_timeout_handler  main.o
    0x0001c11c   0x0001c11c   0x00000024   Code   RO          520    i.alert_timer_handler  bsp.o
    0x0001c140   0x0001c140   0x0000002c   Code   RO         2336    i.app_button_enable  app_button.o
    0x0001c16c   0x0001c16c   0x000000ac   Code   RO         2337    i.app_button_init   app_button.o
    0x0001c218   0x0001c218   0x0000001a   Code   RO         2429    i.app_error_fault_handler  app_error_weak.o
    0x0001c232   0x0001c232   0x00000002   PAD
    0x0001c234   0x0001c234   0x00000020   Code   RO         2393    i.app_error_handler  app_error.o
    0x0001c254   0x0001c254   0x0000008c   Code   RO         2395    i.app_error_save_and_stop  app_error.o
    0x0001c2e0   0x0001c2e0   0x0000001c   Code   RO         1042    i.app_evt_notify    device_manager_peripheral.o
    0x0001c2fc   0x0001c2fc   0x00000030   Code   RO         1892    i.app_notify        pstorage.o
    0x0001c32c   0x0001c32c   0x00000024   Code   RO         1893    i.app_notify_error_state_transit  pstorage.o
    0x0001c350   0x0001c350   0x00000044   Code   RO         2458    i.app_timer_create  app_timer.o
    0x0001c394   0x0001c394   0x000000b8   Code   RO         2459    i.app_timer_init    app_timer.o
    0x0001c44c   0x0001c44c   0x0000005c   Code   RO         2460    i.app_timer_start   app_timer.o
    0x0001c4a8   0x0001c4a8   0x0000003c   Code   RO         2461    i.app_timer_stop    app_timer.o
    0x0001c4e4   0x0001c4e4   0x00000054   Code   RO          689    i.appearance_encode  ble_advdata.o
    0x0001c538   0x0001c538   0x00000018   Code   RO            5    i.application_timers_start  main.o
    0x0001c550   0x0001c550   0x00000098   Code   RO          690    i.ble_advdata_set   ble_advdata.o
    0x0001c5e8   0x0001c5e8   0x00000180   Code   RO          808    i.ble_advertising_init  ble_advertising.o
    0x0001c768   0x0001c768   0x0000010c   Code   RO          809    i.ble_advertising_on_ble_evt  ble_advertising.o
    0x0001c874   0x0001c874   0x00000054   Code   RO          810    i.ble_advertising_on_sys_evt  ble_advertising.o
    0x0001c8c8   0x0001c8c8   0x00000010   Code   RO          812    i.ble_advertising_peer_address_clear  ble_advertising.o
    0x0001c8d8   0x0001c8d8   0x00000084   Code   RO          813    i.ble_advertising_restart_without_whitelist  ble_advertising.o
    0x0001c95c   0x0001c95c   0x000002bc   Code   RO          814    i.ble_advertising_start  ble_advertising.o
    0x0001cc18   0x0001cc18   0x00000078   Code   RO          906    i.ble_conn_params_init  ble_conn_params.o
    0x0001cc90   0x0001cc90   0x0000003e   Code   RO          907    i.ble_conn_params_on_ble_evt  ble_conn_params.o
    0x0001ccce   0x0001ccce   0x00000070   Code   RO          691    i.ble_device_addr_encode  ble_advdata.o
    0x0001cd3e   0x0001cd3e   0x00000002   PAD
    0x0001cd40   0x0001cd40   0x00000030   Code   RO            7    i.ble_evt_dispatch  main.o
    0x0001cd70   0x0001cd70   0x000000dc   Code   RO          367    i.ble_our_service_on_ble_evt  our_service.o
    0x0001ce4c   0x0001ce4c   0x00000118   Code   RO            8    i.ble_stack_init    main.o
    0x0001cf64   0x0001cf64   0x00000050   Code   RO         1043    i.bond_data_load    device_manager_peripheral.o
    0x0001cfb4   0x0001cfb4   0x00000040   Code   RO          636    i.bsp_btn_ble_init  bsp_btn_ble.o
    0x0001cff4   0x0001cff4   0x00000084   Code   RO          637    i.bsp_btn_ble_on_ble_evt  bsp_btn_ble.o
    0x0001d078   0x0001d078   0x0000001e   Code   RO          638    i.bsp_btn_ble_sleep_mode_prepare  bsp_btn_ble.o
    0x0001d096   0x0001d096   0x00000002   PAD
    0x0001d098   0x0001d098   0x000000d8   Code   RO          521    i.bsp_button_event_handler  bsp.o
    0x0001d170   0x0001d170   0x00000038   Code   RO          522    i.bsp_button_is_pressed  bsp.o
    0x0001d1a8   0x0001d1a8   0x000000c0   Code   RO            9    i.bsp_event_handler  main.o
    0x0001d268   0x0001d268   0x0000005c   Code   RO          526    i.bsp_event_to_button_action_assign  bsp.o
    0x0001d2c4   0x0001d2c4   0x00000024   Code   RO          527    i.bsp_indication_set  bsp.o
    0x0001d2e8   0x0001d2e8   0x000000d4   Code   RO          529    i.bsp_init          bsp.o
    0x0001d3bc   0x0001d3bc   0x00000568   Code   RO          530    i.bsp_led_indication  bsp.o
    0x0001d924   0x0001d924   0x0000005c   Code   RO          531    i.bsp_wakeup_buttons_set  bsp.o
    0x0001d980   0x0001d980   0x0000000e   Code   RO          532    i.button_timer_handler  bsp.o
    0x0001d98e   0x0001d98e   0x00000002   PAD
    0x0001d990   0x0001d990   0x0000007c   Code   RO           10    i.buttons_leds_init  main.o
    0x0001da0c   0x0001da0c   0x00000020   Code   RO         1440    i.channel_free      nrf_drv_gpiote.o
    0x0001da2c   0x0001da2c   0x00000010   Code   RO         1441    i.channel_handler_get  nrf_drv_gpiote.o
    0x0001da3c   0x0001da3c   0x00000078   Code   RO         1442    i.channel_port_alloc  nrf_drv_gpiote.o
    0x0001dab4   0x0001dab4   0x0000000c   Code   RO         1443    i.channel_port_get  nrf_drv_gpiote.o
    0x0001dac0   0x0001dac0   0x00000114   Code   RO         1894    i.clear_operation_execute  pstorage.o
    0x0001dbd4   0x0001dbd4   0x00000028   Code   RO         1895    i.clear_post_processing_run  pstorage.o
    0x0001dbfc   0x0001dbfc   0x00000048   Code   RO         1896    i.cmd_process       pstorage.o
    0x0001dc44   0x0001dc44   0x00000014   Code   RO         1897    i.cmd_queue_dequeue  pstorage.o
    0x0001dc58   0x0001dc58   0x0000003c   Code   RO         1898    i.cmd_queue_element_init  pstorage.o
    0x0001dc94   0x0001dc94   0x00000084   Code   RO         1899    i.cmd_queue_enqueue  pstorage.o
    0x0001dd18   0x0001dd18   0x00000020   Code   RO         1900    i.cmd_queue_init    pstorage.o
    0x0001dd38   0x0001dd38   0x00000028   Code   RO         1901    i.command_end_procedure_run  pstorage.o
    0x0001dd60   0x0001dd60   0x0000002c   Code   RO         1902    i.command_queue_element_consume  pstorage.o
    0x0001dd8c   0x0001dd8c   0x0000008c   Code   RO         2463    i.compare_reg_update  app_timer.o
    0x0001de18   0x0001de18   0x0000005c   Code   RO          692    i.conn_int_check    ble_advdata.o
    0x0001de74   0x0001de74   0x0000006a   Code   RO          693    i.conn_int_encode   ble_advdata.o
    0x0001dede   0x0001dede   0x00000002   PAD
    0x0001dee0   0x0001dee0   0x00000024   Code   RO           11    i.conn_params_error_handler  main.o
    0x0001df04   0x0001df04   0x0000006c   Code   RO           12    i.conn_params_init  main.o
    0x0001df70   0x0001df70   0x00000094   Code   RO          909    i.conn_params_negotiation  ble_conn_params.o
    0x0001e004   0x0001e004   0x0000005a   Code   RO          639    i.connection_buttons_configure  bsp_btn_ble.o
    0x0001e05e   0x0001e05e   0x00000002   PAD
    0x0001e060   0x0001e060   0x00000048   Code   RO         1044    i.connection_instance_find  device_manager_peripheral.o
    0x0001e0a8   0x0001e0a8   0x00000038   Code   RO         1045    i.connection_instance_init  device_manager_peripheral.o
    0x0001e0e0   0x0001e0e0   0x0000005c   Code   RO         2464    i.current_int_priority_get  app_timer.o
    0x0001e13c   0x0001e13c   0x00000084   Code   RO         1903    i.data_page_erase_state_run  pstorage.o
    0x0001e1c0   0x0001e1c0   0x00000038   Code   RO         1904    i.data_to_swap_write_state_run  pstorage.o
    0x0001e1f8   0x0001e1f8   0x0000008c   Code   RO         2339    i.detection_delay_timeout_handler  app_button.o
    0x0001e284   0x0001e284   0x000000d0   Code   RO         1046    i.device_context_store  device_manager_peripheral.o
    0x0001e354   0x0001e354   0x0000007c   Code   RO         1047    i.device_instance_allocate  device_manager_peripheral.o
    0x0001e3d0   0x0001e3d0   0x00000058   Code   RO         1048    i.device_instance_find  device_manager_peripheral.o
    0x0001e428   0x0001e428   0x00000030   Code   RO         1049    i.device_instance_free  device_manager_peripheral.o
    0x0001e458   0x0001e458   0x00000038   Code   RO           13    i.device_manager_evt_handler  main.o
    0x0001e490   0x0001e490   0x000000d8   Code   RO           14    i.device_manager_init  main.o
    0x0001e568   0x0001e568   0x00000650   Code   RO         1054    i.dm_ble_evt_handler  device_manager_peripheral.o
    0x0001ebb8   0x0001ebb8   0x0000001c   Code   RO         1060    i.dm_handle_initialize  device_manager_peripheral.o
    0x0001ebd4   0x0001ebd4   0x00000108   Code   RO         1061    i.dm_init           device_manager_peripheral.o
    0x0001ecdc   0x0001ecdc   0x00000250   Code   RO         1064    i.dm_pstorage_cb_handler  device_manager_peripheral.o
    0x0001ef2c   0x0001ef2c   0x000000bc   Code   RO         1065    i.dm_register       device_manager_peripheral.o
    0x0001efe8   0x0001efe8   0x00000064   Code   RO         2465    i.elapsed_ticks_acquire  app_timer.o
    0x0001f04c   0x0001f04c   0x00000044   Code   RO         1905    i.erase_sub_state_sm_run  pstorage.o
    0x0001f090   0x0001f090   0x0000005c   Code   RO         2466    i.expired_timers_handler  app_timer.o
    0x0001f0ec   0x0001f0ec   0x0000001e   Code   RO         2223    i.finish_transfer   nrf_drv_spi.o
    0x0001f10a   0x0001f10a   0x00000036   Code   RO          694    i.flags_encode      ble_advdata.o
    0x0001f140   0x0001f140   0x0000003c   Code   RO          816    i.flash_access_in_progress  ble_advertising.o
    0x0001f17c   0x0001f17c   0x00000030   Code   RO         1906    i.flash_api_err_code_process  pstorage.o
    0x0001f1ac   0x0001f1ac   0x00000040   Code   RO         1907    i.flash_operation_failure_run  pstorage.o
    0x0001f1ec   0x0001f1ec   0x00000030   Code   RO         1908    i.flash_operation_success_run  pstorage.o
    0x0001f21c   0x0001f21c   0x00000010   Code   RO         1909    i.flash_page_erase  pstorage.o
    0x0001f22c   0x0001f22c   0x00000018   Code   RO         1910    i.flash_write       pstorage.o
    0x0001f244   0x0001f244   0x00000018   Code   RO         2746    i.fs_queued_op_count_get  fstorage.o
    0x0001f25c   0x0001f25c   0x00000098   Code   RO           15    i.gap_params_init   main.o
    0x0001f2f4   0x0001f2f4   0x00000006   Code   RO         1072    i.gattc_context_apply  device_manager_peripheral.o
    0x0001f2fa   0x0001f2fa   0x00000006   Code   RO         1073    i.gattc_context_load  device_manager_peripheral.o
    0x0001f300   0x0001f300   0x00000006   Code   RO         1074    i.gattc_context_store  device_manager_peripheral.o
    0x0001f306   0x0001f306   0x00000002   PAD
    0x0001f308   0x0001f308   0x000000f4   Code   RO         1075    i.gatts_context_apply  device_manager_peripheral.o
    0x0001f3fc   0x0001f3fc   0x00000048   Code   RO         1076    i.gatts_context_load  device_manager_peripheral.o
    0x0001f444   0x0001f444   0x000000dc   Code   RO         1077    i.gatts_context_store  device_manager_peripheral.o
    0x0001f520   0x0001f520   0x0000001a   Code   RO         1078    i.gattsc_context_apply  device_manager_peripheral.o
    0x0001f53a   0x0001f53a   0x0000001e   Code   RO         1079    i.gattsc_context_load  device_manager_peripheral.o
    0x0001f558   0x0001f558   0x0000001e   Code   RO         1080    i.gattsc_context_store  device_manager_peripheral.o
    0x0001f576   0x0001f576   0x00000002   PAD
    0x0001f578   0x0001f578   0x00000080   Code   RO         2340    i.gpiote_event_handler  app_button.o
    0x0001f5f8   0x0001f5f8   0x00000070   Code   RO         1911    i.head_restore_state_run  pstorage.o
    0x0001f668   0x0001f668   0x000000c0   Code   RO         3237    i.intern_softdevice_events_execute  softdevice_handler.o
    0x0001f728   0x0001f728   0x00000024   Code   RO         2224    i.irq_handler_spi   nrf_drv_spi.o
    0x0001f74c   0x0001f74c   0x00000024   Code   RO          910    i.is_conn_params_ok  ble_conn_params.o
    0x0001f770   0x0001f770   0x00000038   Code   RO         3350    i.is_disabled_in_debug_needed  system_nrf51.o
    0x0001f7a8   0x0001f7a8   0x0000006c   Code   RO         3351    i.is_manual_peripheral_setup_needed  system_nrf51.o
    0x0001f814   0x0001f814   0x00000058   Code   RO         1912    i.is_page_erase_required  pstorage.o
    0x0001f86c   0x0001f86c   0x00000054   Code   RO         3352    i.is_peripheral_domain_setup_needed  system_nrf51.o
    0x0001f8c0   0x0001f8c0   0x00000050   Code   RO         1913    i.is_tail_data_page_swap_required  pstorage.o
    0x0001f910   0x0001f910   0x00000012   Code   RO         1914    i.is_word_aligned   pstorage.o
    0x0001f922   0x0001f922   0x0000006a   Code   RO          695    i.le_role_encode    ble_advdata.o
    0x0001f98c   0x0001f98c   0x00000024   Code   RO          533    i.leds_timer_handler  bsp.o
    0x0001f9b0   0x0001f9b0   0x00000094   Code   RO         2467    i.list_deletions_handler  app_timer.o
    0x0001fa44   0x0001fa44   0x00000110   Code   RO         2468    i.list_insertions_handler  app_timer.o
    0x0001fb54   0x0001fb54   0x000000c0   Code   RO           16    i.main              main.o
    0x0001fc14   0x0001fc14   0x00000020   Code   RO         1915    i.main_state_err_busy_process  pstorage.o
    0x0001fc34   0x0001fc34   0x00000078   Code   RO          696    i.manuf_specific_data_encode  ble_advdata.o
    0x0001fcac   0x0001fcac   0x000000c6   Code   RO          697    i.name_encode       ble_advdata.o
    0x0001fd72   0x0001fd72   0x00000006   Code   RO         1081    i.no_service_context_apply  device_manager_peripheral.o
    0x0001fd78   0x0001fd78   0x00000006   Code   RO         1082    i.no_service_context_load  device_manager_peripheral.o
    0x0001fd7e   0x0001fd7e   0x00000006   Code   RO         1083    i.no_service_context_store  device_manager_peripheral.o
    0x0001fd84   0x0001fd84   0x00000044   Code   RO          368    i.notify_sensor_data  our_service.o
    0x0001fdc8   0x0001fdc8   0x00000038   Code   RO         1409    i.nrf_drv_common_irq_enable  nrf_drv_common.o
    0x0001fe00   0x0001fe00   0x000000c8   Code   RO         1446    i.nrf_drv_gpiote_in_event_enable  nrf_drv_gpiote.o
    0x0001fec8   0x0001fec8   0x000000f4   Code   RO         1447    i.nrf_drv_gpiote_in_init  nrf_drv_gpiote.o
    0x0001ffbc   0x0001ffbc   0x00000020   Code   RO         1448    i.nrf_drv_gpiote_in_is_set  nrf_drv_gpiote.o
    0x0001ffdc   0x0001ffdc   0x00000050   Code   RO         1450    i.nrf_drv_gpiote_init  nrf_drv_gpiote.o
    0x0002002c   0x0002002c   0x00000014   Code   RO         1451    i.nrf_drv_gpiote_is_init  nrf_drv_gpiote.o
    0x00020040   0x00020040   0x0000017c   Code   RO         2225    i.nrf_drv_spi_init  nrf_drv_spi.o
    0x000201bc   0x000201bc   0x00000024   Code   RO         2226    i.nrf_drv_spi_transfer  nrf_drv_spi.o
    0x000201e0   0x000201e0   0x00000074   Code   RO         2228    i.nrf_drv_spi_xfer  nrf_drv_spi.o
    0x00020254   0x00020254   0x00000026   Code   RO         1463    i.nrf_gpio_cfg      nrf_drv_gpiote.o
    0x0002027a   0x0002027a   0x00000026   Code   RO         2229    i.nrf_gpio_cfg      nrf_drv_spi.o
    0x000202a0   0x000202a0   0x00000018   Code   RO         2230    i.nrf_gpio_cfg_output  nrf_drv_spi.o
    0x000202b8   0x000202b8   0x00000046   Code   RO         1465    i.nrf_gpio_cfg_sense_set  nrf_drv_gpiote.o
    0x000202fe   0x000202fe   0x00000002   PAD
    0x00020300   0x00020300   0x00000010   Code   RO          369    i.nrf_gpio_pin_clear  our_service.o
    0x00020310   0x00020310   0x00000010   Code   RO         2231    i.nrf_gpio_pin_clear  nrf_drv_spi.o
    0x00020320   0x00020320   0x00000010   Code   RO          370    i.nrf_gpio_pin_set  our_service.o
    0x00020330   0x00020330   0x00000010   Code   RO         2232    i.nrf_gpio_pin_set  nrf_drv_spi.o
    0x00020340   0x00020340   0x0000000c   Code   RO         1468    i.nrf_gpiote_event_addr_get  nrf_drv_gpiote.o
    0x0002034c   0x0002034c   0x00000010   Code   RO         1469    i.nrf_gpiote_event_clear  nrf_drv_gpiote.o
    0x0002035c   0x0002035c   0x00000016   Code   RO         1470    i.nrf_gpiote_event_is_set  nrf_drv_gpiote.o
    0x00020372   0x00020372   0x00000002   PAD
    0x00020374   0x00020374   0x0000000c   Code   RO         1471    i.nrf_gpiote_int_enable  nrf_drv_gpiote.o
    0x00020380   0x00020380   0x00000006   Code   RO         2233    i.nrf_spi_event_clear  nrf_drv_spi.o
    0x00020386   0x00020386   0x0000000a   Code   RO         2234    i.nrf_spi_int_disable  nrf_drv_spi.o
    0x00020390   0x00020390   0x0000000a   Code   RO         2235    i.nrf_spi_int_enable  nrf_drv_spi.o
    0x0002039a   0x0002039a   0x0000000a   Code   RO         2236    i.nrf_spi_txd_set   nrf_drv_spi.o
    0x000203a4   0x000203a4   0x00000014   Code   RO         1693    i.nrf_uart_errorsrc_get_and_clear  nrf_drv_uart.o
    0x000203b8   0x000203b8   0x00000010   Code   RO         1694    i.nrf_uart_event_check  nrf_drv_uart.o
    0x000203c8   0x000203c8   0x00000006   Code   RO         1695    i.nrf_uart_event_clear  nrf_drv_uart.o
    0x000203ce   0x000203ce   0x0000000a   Code   RO         1697    i.nrf_uart_int_disable  nrf_drv_uart.o
    0x000203d8   0x000203d8   0x00000018   Code   RO         1699    i.nrf_uart_int_enable_check  nrf_drv_uart.o
    0x000203f0   0x000203f0   0x00000006   Code   RO         1700    i.nrf_uart_task_trigger  nrf_drv_uart.o
    0x000203f6   0x000203f6   0x00000002   PAD
    0x000203f8   0x000203f8   0x0000004c   Code   RO           17    i.on_adv_evt        main.o
    0x00020444   0x00020444   0x0000007c   Code   RO           18    i.on_ble_evt        main.o
    0x000204c0   0x000204c0   0x00000044   Code   RO           19    i.on_conn_params_evt  main.o
    0x00020504   0x00020504   0x00000018   Code   RO          911    i.on_conn_params_update  ble_conn_params.o
    0x0002051c   0x0002051c   0x0000003c   Code   RO          912    i.on_connect        ble_conn_params.o
    0x00020558   0x00020558   0x00000044   Code   RO          913    i.on_disconnect     ble_conn_params.o
    0x0002059c   0x0002059c   0x0000005c   Code   RO          914    i.on_write          ble_conn_params.o
    0x000205f8   0x000205f8   0x0000014c   Code   RO          371    i.our_char_add      our_service.o
    0x00020744   0x00020744   0x0000009c   Code   RO          372    i.our_service_init  our_service.o
    0x000207e0   0x000207e0   0x0000001a   Code   RO          817    i.peer_address_exists  ble_advertising.o
    0x000207fa   0x000207fa   0x00000002   PAD
    0x000207fc   0x000207fc   0x0000005c   Code   RO         1084    i.peer_instance_init  device_manager_peripheral.o
    0x00020858   0x00020858   0x0000001c   Code   RO         1473    i.pin_in_use_by_gpiote  nrf_drv_gpiote.o
    0x00020874   0x00020874   0x00000018   Code   RO         1474    i.pin_in_use_by_port  nrf_drv_gpiote.o
    0x0002088c   0x0002088c   0x00000020   Code   RO         1475    i.pin_in_use_by_te  nrf_drv_gpiote.o
    0x000208ac   0x000208ac   0x00000010   Code   RO         1476    i.pin_in_use_clear  nrf_drv_gpiote.o
    0x000208bc   0x000208bc   0x00000034   Code   RO           20    i.power_manage      main.o
    0x000208f0   0x000208f0   0x00000030   Code   RO         1916    i.pstorage_access_status_get  pstorage.o
    0x00020920   0x00020920   0x000000a4   Code   RO         1917    i.pstorage_block_identifier_get  pstorage.o
    0x000209c4   0x000209c4   0x00000118   Code   RO         1918    i.pstorage_clear    pstorage.o
    0x00020adc   0x00020adc   0x00000028   Code   RO         1919    i.pstorage_flash_page_end  pstorage.o
    0x00020b04   0x00020b04   0x0000000a   Code   RO         1920    i.pstorage_flash_page_size  pstorage.o
    0x00020b0e   0x00020b0e   0x00000002   PAD
    0x00020b10   0x00020b10   0x00000088   Code   RO         1921    i.pstorage_init     pstorage.o
    0x00020b98   0x00020b98   0x000000fc   Code   RO         1922    i.pstorage_load     pstorage.o
    0x00020c94   0x00020c94   0x00000120   Code   RO         1923    i.pstorage_register  pstorage.o
    0x00020db4   0x00020db4   0x000000e0   Code   RO         1924    i.pstorage_store    pstorage.o
    0x00020e94   0x00020e94   0x0000004c   Code   RO         1925    i.pstorage_sys_event_handler  pstorage.o
    0x00020ee0   0x00020ee0   0x000000e0   Code   RO         1926    i.pstorage_update   pstorage.o
    0x00020fc0   0x00020fc0   0x0000000c   Code   RO         2469    i.rtc1_compare0_set  app_timer.o
    0x00020fcc   0x00020fcc   0x0000000c   Code   RO         2470    i.rtc1_counter_get  app_timer.o
    0x00020fd8   0x00020fd8   0x00000018   Code   RO         2471    i.rtc1_init         app_timer.o
    0x00020ff0   0x00020ff0   0x0000003c   Code   RO         2472    i.rtc1_start        app_timer.o
    0x0002102c   0x0002102c   0x00000058   Code   RO         2473    i.rtc1_stop         app_timer.o
    0x00021084   0x00021084   0x0000005c   Code   RO         1703    i.rx_byte           nrf_drv_uart.o
    0x000210e0   0x000210e0   0x00000024   Code   RO         1704    i.rx_done_event     nrf_drv_uart.o
    0x00021104   0x00021104   0x0000001c   Code   RO         3238    i.sd_check_ram_start  softdevice_handler.o
    0x00021120   0x00021120   0x000000d0   Code   RO         3239    i.sd_nvic_EnableIRQ  softdevice_handler.o
    0x000211f0   0x000211f0   0x00000036   Code   RO          698    i.sec_mgr_oob_flags_encode  ble_advdata.o
    0x00021226   0x00021226   0x00000002   PAD
    0x00021228   0x00021228   0x000000c0   Code   RO           21    i.sensor_read_timer_timeout_handler  main.o
    0x000212e8   0x000212e8   0x00000096   Code   RO          699    i.service_data_encode  ble_advdata.o
    0x0002137e   0x0002137e   0x00000002   PAD
    0x00021380   0x00021380   0x00000018   Code   RO           22    i.services_init     main.o
    0x00021398   0x00021398   0x00000074   Code   RO           23    i.sleep_mode_enter  main.o
    0x0002140c   0x0002140c   0x00000014   Code   RO         1927    i.sm_state_change   pstorage.o
    0x00021420   0x00021420   0x0000001c   Code   RO         3240    i.softdevice_ble_evt_handler_set  softdevice_handler.o
    0x0002143c   0x0002143c   0x0000001c   Code   RO         3241    i.softdevice_enable  softdevice_handler.o
    0x00021458   0x00021458   0x0000002e   Code   RO         3242    i.softdevice_enable_get_default_config  softdevice_handler.o
    0x00021486   0x00021486   0x00000014   Code   RO         3243    i.softdevice_fault_handler  softdevice_handler.o
    0x0002149a   0x0002149a   0x00000002   PAD
    0x0002149c   0x0002149c   0x0000006c   Code   RO         3244    i.softdevice_handler_init  softdevice_handler.o
    0x00021508   0x00021508   0x0000001c   Code   RO         3247    i.softdevice_sys_evt_handler_set  softdevice_handler.o
    0x00021524   0x00021524   0x000000a2   Code   RO         2237    i.spi_xfer          nrf_drv_spi.o
    0x000215c6   0x000215c6   0x00000010   Code   RO          700    i.srdata_check      ble_advdata.o
    0x000215d6   0x000215d6   0x00000054   Code   RO          640    i.startup_event_extract  bsp_btn_ble.o
    0x0002162a   0x0002162a   0x00000002   PAD
    0x0002162c   0x0002162c   0x00000010   Code   RO         1928    i.state_data_erase_entry_run  pstorage.o
    0x0002163c   0x0002163c   0x00000098   Code   RO         1929    i.state_data_erase_swap_entry_run  pstorage.o
    0x000216d4   0x000216d4   0x0000003c   Code   RO         1930    i.state_entry_action_run  pstorage.o
    0x00021710   0x00021710   0x00000010   Code   RO         1931    i.state_erase_data_page_entry_run  pstorage.o
    0x00021720   0x00021720   0x0000001c   Code   RO         1932    i.state_idle_entry_run  pstorage.o
    0x0002173c   0x0002173c   0x00000034   Code   RO         1933    i.state_restore_head_entry_run  pstorage.o
    0x00021770   0x00021770   0x00000054   Code   RO         1934    i.state_restore_tail_entry_run  pstorage.o
    0x000217c4   0x000217c4   0x00000008   Code   RO         1935    i.state_store_entry_run  pstorage.o
    0x000217cc   0x000217cc   0x00000026   Code   RO         1936    i.state_swap_erase_entry_run  pstorage.o
    0x000217f2   0x000217f2   0x00000002   PAD
    0x000217f4   0x000217f4   0x00000034   Code   RO         1937    i.state_write_data_swap_entry_run  pstorage.o
    0x00021828   0x00021828   0x00000008   Code   RO         1085    i.storage_operation_dummy_handler  device_manager_peripheral.o
    0x00021830   0x00021830   0x00000064   Code   RO         1938    i.store_cmd_flash_write_execute  pstorage.o
    0x00021894   0x00021894   0x0000000a   Code   RO         1939    i.store_operation_execute  pstorage.o
    0x0002189e   0x0002189e   0x00000002   PAD
    0x000218a0   0x000218a0   0x0000004c   Code   RO         1940    i.store_sub_state_sm_run  pstorage.o
    0x000218ec   0x000218ec   0x00000020   Code   RO         1941    i.swap_erase_state_run  pstorage.o
    0x0002190c   0x0002190c   0x00000008   Code   RO         1942    i.swap_sub_sm_exit_action_run  pstorage.o
    0x00021914   0x00021914   0x00000018   Code   RO         1943    i.swap_sub_state_entry_action_run  pstorage.o
    0x0002192c   0x0002192c   0x00000020   Code   RO         1944    i.swap_sub_state_err_busy_process  pstorage.o
    0x0002194c   0x0002194c   0x00000018   Code   RO         1945    i.swap_sub_state_sm_run  pstorage.o
    0x00021964   0x00021964   0x00000014   Code   RO         1946    i.swap_sub_state_state_change  pstorage.o
    0x00021978   0x00021978   0x00000012   Code   RO           24    i.sys_evt_dispatch  main.o
    0x0002198a   0x0002198a   0x00000002   PAD
    0x0002198c   0x0002198c   0x00000020   Code   RO         1947    i.tail_restore_state_run  pstorage.o
    0x000219ac   0x000219ac   0x00000058   Code   RO         1948    i.tail_word_size_calculate  pstorage.o
    0x00021a04   0x00021a04   0x0000000a   Code   RO         2474    i.ticks_diff_get    app_timer.o
    0x00021a0e   0x00021a0e   0x00000002   PAD
    0x00021a10   0x00021a10   0x0000007c   Code   RO         2475    i.timeout_handler_exec  app_timer.o
    0x00021a8c   0x00021a8c   0x00000058   Code   RO         2476    i.timer_list_handler  app_timer.o
    0x00021ae4   0x00021ae4   0x0000000a   Code   RO         2477    i.timer_list_handler_sched  app_timer.o
    0x00021aee   0x00021aee   0x00000002   PAD
    0x00021af0   0x00021af0   0x0000006c   Code   RO         2478    i.timer_list_insert  app_timer.o
    0x00021b5c   0x00021b5c   0x00000070   Code   RO         2479    i.timer_list_remove  app_timer.o
    0x00021bcc   0x00021bcc   0x00000058   Code   RO         2480    i.timer_start_op_schedule  app_timer.o
    0x00021c24   0x00021c24   0x00000040   Code   RO         2482    i.timer_stop_op_schedule  app_timer.o
    0x00021c64   0x00021c64   0x00000094   Code   RO         2483    i.timer_timeouts_check  app_timer.o
    0x00021cf8   0x00021cf8   0x0000000a   Code   RO         2484    i.timer_timeouts_check_sched  app_timer.o
    0x00021d02   0x00021d02   0x00000002   PAD
    0x00021d04   0x00021d04   0x00000068   Code   RO           25    i.timers_init       main.o
    0x00021d6c   0x00021d6c   0x00000046   Code   RO          701    i.tk_value_encode   ble_advdata.o
    0x00021db2   0x00021db2   0x0000006e   Code   RO         2238    i.transfer_byte     nrf_drv_spi.o
    0x00021e20   0x00021e20   0x00000038   Code   RO         1706    i.tx_byte           nrf_drv_uart.o
    0x00021e58   0x00021e58   0x0000002c   Code   RO         1707    i.tx_done_event     nrf_drv_uart.o
    0x00021e84   0x00021e84   0x00000036   Code   RO          702    i.tx_power_level_encode  ble_advdata.o
    0x00021eba   0x00021eba   0x00000002   PAD
    0x00021ebc   0x00021ebc   0x00000174   Code   RO         1708    i.uart_irq_handler  nrf_drv_uart.o
    0x00022030   0x00022030   0x00000012   Code   RO          703    i.uint16_encode     ble_advdata.o
    0x00022042   0x00022042   0x00000008   Code   RO         1949    i.update_operation_execute  pstorage.o
    0x0002204a   0x0002204a   0x00000002   PAD
    0x0002204c   0x0002204c   0x00000014   Code   RO         1086    i.update_status_bit_reset  device_manager_peripheral.o
    0x00022060   0x00022060   0x0000009c   Code   RO          915    i.update_timeout_handler  ble_conn_params.o
    0x000220fc   0x000220fc   0x00000022   Code   RO         2485    i.user_id_get       app_timer.o
    0x0002211e   0x0002211e   0x0000002e   Code   RO         2486    i.user_op_alloc     app_timer.o
    0x0002214c   0x0002214c   0x00000004   Code   RO         2487    i.user_op_enque     app_timer.o
    0x00022150   0x00022150   0x0000004c   Code   RO          704    i.uuid_list_encode  ble_advdata.o
    0x0002219c   0x0002219c   0x000000e0   Code   RO          705    i.uuid_list_sized_encode  ble_advdata.o
    0x0002227c   0x0002227c   0x00000016   Code   RO          818    i.whitelist_has_entries  ble_advertising.o
    0x00022292   0x00022292   0x00000002   PAD
    0x00022294   0x00022294   0x00000024   Data   RO           27    .constdata          main.o
    0x000222b8   0x000222b8   0x00000020   Data   RO          373    .constdata          our_service.o
    0x000222d8   0x000222d8   0x0000003c   Data   RO          535    .constdata          bsp.o
    0x00022314   0x00022314   0x00000004   Data   RO          917    .constdata          ble_conn_params.o
    0x00022318   0x00022318   0x00000034   Data   RO         1088    .constdata          device_manager_peripheral.o
    0x0002234c   0x0002234c   0x00000028   Data   RO         1951    .constdata          pstorage.o
    0x00022374   0x00022374   0x00000010   Data   RO         2240    .constdata          nrf_drv_spi.o
    0x00022384   0x00022384   0x00000008   Data   RO         2342    .constdata          app_button.o
    0x0002238c   0x0002238c   0x00000010   Data   RO         3167    .constdata          segger_rtt_printf.o
    0x0002239c   0x0002239c   0x0000004c   Data   RO         1089    .conststring        device_manager_peripheral.o
    0x000223e8   0x000223e8   0x00000057   Data   RO         3248    .conststring        softdevice_handler.o
    0x0002243f   0x0002243f   0x00000001   PAD
    0x00022440   0x00022440   0x00000020   Data   RO         3483    Region$$Table       anon$$obj.o


    Execution Region RW_IRAM1 (Exec base: 0x20002080, Load base: 0x00022460, Size: 0x00001538, Max: 0x00005f80, ABSOLUTE)

    Exec Addr    Load Addr    Size         Type   Attr      Idx    E Section Name        Object

    0x20002080   0x00022460   0x0000000a   Data   RW           28    .data               main.o
    0x2000208a   0x0002246a   0x00000002   PAD
    0x2000208c   0x0002246c   0x00000019   Data   RW          536    .data               bsp.o
    0x200020a5   0x00022485   0x00000003   PAD
    0x200020a8   0x00022488   0x00000008   Data   RW          641    .data               bsp_btn_ble.o
    0x200020b0   0x00022490   0x00000020   Data   RW          820    .data               ble_advertising.o
    0x200020d0   0x000224b0   0x00000015   Data   RW          918    .data               ble_conn_params.o
    0x200020e5   0x000224c5   0x00000003   PAD
    0x200020e8   0x000224c8   0x00000014   Data   RW         1090    .data               device_manager_peripheral.o
    0x200020fc   0x000224dc   0x00000028   Data   RW         1952    .data               pstorage.o
    0x20002124   0x00022504   0x00000014   Data   RW         2343    .data               app_button.o
    0x20002138   0x00022518   0x00000022   Data   RW         2488    .data               app_timer.o
    0x2000215a   0x0002253a   0x00000002   PAD
    0x2000215c   0x0002253c   0x00000020   Data   RW         3249    .data               softdevice_handler.o
    0x2000217c   0x0002255c   0x00000004   Data   RW         3353    .data               system_nrf51.o
    0x20002180        -       0x000002b0   Zero   RW           26    .bss                main.o
    0x20002430        -       0x0000006c   Zero   RW          534    .bss                bsp.o
    0x2000249c        -       0x00000103   Zero   RW          819    .bss                ble_advertising.o
    0x2000259f   0x00022560   0x00000001   PAD
    0x200025a0        -       0x0000003c   Zero   RW          916    .bss                ble_conn_params.o
    0x200025dc        -       0x0000014f   Zero   RW         1087    .bss                device_manager_peripheral.o
    0x2000272b   0x00022560   0x00000001   PAD
    0x2000272c        -       0x00000048   Zero   RW         1477    .bss                nrf_drv_gpiote.o
    0x20002774        -       0x0000001c   Zero   RW         1709    .bss                nrf_drv_uart.o
    0x20002790        -       0x000000e4   Zero   RW         1950    .bss                pstorage.o
    0x20002874        -       0x00000020   Zero   RW         2239    .bss                nrf_drv_spi.o
    0x20002894        -       0x00000020   Zero   RW         2341    .bss                app_button.o
    0x200028b4        -       0x00000020   Zero   RW         2396    .bss                app_error.o
    0x200028d4        -       0x00000058   Zero   RW         2757    .bss                fstorage.o
    0x2000292c        -       0x00000488   Zero   RW         3044    .bss                segger_rtt.o
    0x20002db4   0x00022560   0x00000004   PAD
    0x20002db8        -       0x00000800   Zero   RW         3339    STACK               arm_startup_nrf51.o


==============================================================================

Image component sizes


      Code (inc. data)   RO Data    RW Data    ZI Data      Debug   Object Name

       236         44          0          0          0       2421   adxl345.o
       484         78          8         20         32       9038   app_button.o
       172         12          0          0         32       4058   app_error.o
        26          0          0          0          0        746   app_error_weak.o
      2548        340          0         34          0      37911   app_timer.o
        56         18        192          0       2048        716   arm_startup_nrf51.o
      2206          4          0          0          0      24484   ble_advdata.o
      1692        168          0         32        259      18245   ble_advertising.o
       766        126          4         21         60      19104   ble_conn_params.o
      2202        184         60         25        108      17433   bsp.o
       490         20          0          8          0       6401   bsp_btn_ble.o
      4170        308        128         20        335      33105   device_manager_peripheral.o
        24          4          0          0         88       3412   fstorage.o
      2398        540         36         10        688     103999   main.o
       176         18          0          0          0       9232   nrf_drv_common.o
      1526        114          0          0         72      25504   nrf_drv_gpiote.o
      1024         34         16          0         32      18724   nrf_drv_spi.o
       690         38          0          0         28      15903   nrf_drv_uart.o
         0          0          0          0          0        564   nrf_log.o
       808        142         32          0          0      48325   our_service.o
      4308        438         40         40        228      47382   pstorage.o
       516         46          0          0       1160       8318   segger_rtt.o
      1186          4         16          0          0       6349   segger_rtt_printf.o
       746         96         87         32          0      24001   softdevice_handler.o
       348         38          0          4          0       2699   system_nrf51.o

    ----------------------------------------------------------------------
     28854       2814        652        256       5176     488074   Object Totals
         0          0         32          0          0          0   (incl. Generated)
        56          0          1         10          6          0   (incl. Padding)

    ----------------------------------------------------------------------

      Code (inc. data)   RO Data    RW Data    ZI Data      Debug   Library Member Name

         0          0          0          0          0          0   entry.o
         0          0          0          0          0          0   entry10a.o
         0          0          0          0          0          0   entry11a.o
         8          4          0          0          0          0   entry2.o
         4          0          0          0          0          0   entry5.o
         0          0          0          0          0          0   entry7b.o
         0          0          0          0          0          0   entry8b.o
         8          4          0          0          0          0   entry9a.o
        30          0          0          0          0          0   handlers.o
        40          0          0          0          0         72   idiv.o
        36          8          0          0          0         68   init.o
        26          0          0          0          0         72   memcmp.o
        36          0          0          0          0         60   memcpya.o
        36          0          0          0          0        100   memseta.o
        18          0          0          0          0         60   strcpy.o
        44          0          0          0          0         72   uidiv.o

    ----------------------------------------------------------------------
       286         16          0          0          0        504   Library Totals
         0          0          0          0          0          0   (incl. Padding)

    ----------------------------------------------------------------------

      Code (inc. data)   RO Data    RW Data    ZI Data      Debug   Library Name

       286         16          0          0          0        504   mc_p.l

    ----------------------------------------------------------------------
       286         16          0          0          0        504   Library Totals

    ----------------------------------------------------------------------

==============================================================================


      Code (inc. data)   RO Data    RW Data    ZI Data      Debug   

     29140       2830        652        256       5176     476006   Grand Totals
     29140       2830        652        256       5176     476006   ELF Image Totals
     29140       2830        652        256          0          0   ROM Totals

==============================================================================

    Total RO  Size (Code + RO Data)                29792 (  29.09kB)
    Total RW  Size (RW Data + ZI Data)              5432 (   5.30kB)
    Total ROM Size (Code + RO Data + RW Data)      30048 (  29.34kB)

==============================================================================

